Component: ARM Compiler 5.06 update 7 (build 960) Tool: armlink [4d3601]

==============================================================================

Section Cross References

    startup_stm32f407xx.o(RESET) refers to startup_stm32f407xx.o(STACK) for __initial_sp
    startup_stm32f407xx.o(RESET) refers to startup_stm32f407xx.o(.text) for Reset_Handler
    startup_stm32f407xx.o(RESET) refers to stm32f4xx_it.o(i.NMI_Handler) for NMI_Handler
    startup_stm32f407xx.o(RESET) refers to stm32f4xx_it.o(i.HardFault_Handler) for HardFault_Handler
    startup_stm32f407xx.o(RESET) refers to stm32f4xx_it.o(i.MemManage_Handler) for MemManage_Handler
    startup_stm32f407xx.o(RESET) refers to stm32f4xx_it.o(i.BusFault_Handler) for BusFault_Handler
    startup_stm32f407xx.o(RESET) refers to stm32f4xx_it.o(i.UsageFault_Handler) for UsageFault_Handler
    startup_stm32f407xx.o(RESET) refers to port.o(.emb_text) for SVC_Handler
    startup_stm32f407xx.o(RESET) refers to stm32f4xx_it.o(i.DebugMon_Handler) for DebugMon_Handler
    startup_stm32f407xx.o(RESET) refers to stm32f4xx_it.o(i.SysTick_Handler) for SysTick_Handler
    startup_stm32f407xx.o(RESET) refers to stm32f4xx_it.o(i.USART2_IRQHandler) for USART2_IRQHandler
    startup_stm32f407xx.o(RESET) refers to stm32f4xx_it.o(i.TIM7_IRQHandler) for TIM7_IRQHandler
    startup_stm32f407xx.o(.text) refers to system_stm32f4xx.o(i.SystemInit) for SystemInit
    startup_stm32f407xx.o(.text) refers to entry.o(.ARM.Collect$$$$00000000) for __main
    main.o(i.HAL_TIM_PeriodElapsedCallback) refers to stm32f4xx_hal.o(i.HAL_IncTick) for HAL_IncTick
    main.o(i.SystemClock_Config) refers to memseta.o(.text) for __aeabi_memclr4
    main.o(i.SystemClock_Config) refers to stm32f4xx_hal_rcc.o(i.HAL_RCC_OscConfig) for HAL_RCC_OscConfig
    main.o(i.SystemClock_Config) refers to stm32f4xx_hal_rcc.o(i.HAL_RCC_ClockConfig) for HAL_RCC_ClockConfig
    main.o(i.main) refers to stm32f4xx_hal.o(i.HAL_Init) for HAL_Init
    main.o(i.main) refers to main.o(i.SystemClock_Config) for SystemClock_Config
    main.o(i.main) refers to gpio.o(i.MX_GPIO_Init) for MX_GPIO_Init
    main.o(i.main) refers to tim.o(i.MX_TIM6_Init) for MX_TIM6_Init
    main.o(i.main) refers to i2c.o(i.MX_I2C1_Init) for MX_I2C1_Init
    main.o(i.main) refers to usart.o(i.MX_USART2_UART_Init) for MX_USART2_UART_Init
    main.o(i.main) refers to stm32f4xx_hal_gpio.o(i.HAL_GPIO_WritePin) for HAL_GPIO_WritePin
    main.o(i.main) refers to stm32f4xx_hal_tim.o(i.HAL_TIM_Base_Start) for HAL_TIM_Base_Start
    main.o(i.main) refers to usart.o(i.USART2_ReceiveStart) for USART2_ReceiveStart
    main.o(i.main) refers to mytask.o(i.FreeRTOS_Start) for FreeRTOS_Start
    main.o(i.main) refers to tim.o(.bss) for htim6
    gpio.o(i.MX_GPIO_Init) refers to memseta.o(.text) for __aeabi_memclr4
    gpio.o(i.MX_GPIO_Init) refers to stm32f4xx_hal_gpio.o(i.HAL_GPIO_WritePin) for HAL_GPIO_WritePin
    gpio.o(i.MX_GPIO_Init) refers to stm32f4xx_hal_gpio.o(i.HAL_GPIO_Init) for HAL_GPIO_Init
    i2c.o(i.HAL_I2C_MspDeInit) refers to stm32f4xx_hal_gpio.o(i.HAL_GPIO_DeInit) for HAL_GPIO_DeInit
    i2c.o(i.HAL_I2C_MspInit) refers to memseta.o(.text) for __aeabi_memclr4
    i2c.o(i.HAL_I2C_MspInit) refers to stm32f4xx_hal_gpio.o(i.HAL_GPIO_Init) for HAL_GPIO_Init
    i2c.o(i.MX_I2C1_Init) refers to stm32f4xx_hal_i2c.o(i.HAL_I2C_Init) for HAL_I2C_Init
    i2c.o(i.MX_I2C1_Init) refers to main.o(i.Error_Handler) for Error_Handler
    i2c.o(i.MX_I2C1_Init) refers to i2c.o(.bss) for .bss
    tim.o(i.MX_TIM6_Init) refers to stm32f4xx_hal_tim.o(i.HAL_TIM_Base_Init) for HAL_TIM_Base_Init
    tim.o(i.MX_TIM6_Init) refers to main.o(i.Error_Handler) for Error_Handler
    tim.o(i.MX_TIM6_Init) refers to stm32f4xx_hal_tim_ex.o(i.HAL_TIMEx_MasterConfigSynchronization) for HAL_TIMEx_MasterConfigSynchronization
    tim.o(i.MX_TIM6_Init) refers to tim.o(.bss) for .bss
    tim.o(i.delay_us) refers to tim.o(.bss) for .bss
    usart.o(i.HAL_UART_MspDeInit) refers to stm32f4xx_hal_gpio.o(i.HAL_GPIO_DeInit) for HAL_GPIO_DeInit
    usart.o(i.HAL_UART_MspDeInit) refers to stm32f4xx_hal_cortex.o(i.HAL_NVIC_DisableIRQ) for HAL_NVIC_DisableIRQ
    usart.o(i.HAL_UART_MspInit) refers to memseta.o(.text) for __aeabi_memclr4
    usart.o(i.HAL_UART_MspInit) refers to stm32f4xx_hal_gpio.o(i.HAL_GPIO_Init) for HAL_GPIO_Init
    usart.o(i.HAL_UART_MspInit) refers to stm32f4xx_hal_cortex.o(i.HAL_NVIC_SetPriority) for HAL_NVIC_SetPriority
    usart.o(i.HAL_UART_MspInit) refers to stm32f4xx_hal_cortex.o(i.HAL_NVIC_EnableIRQ) for HAL_NVIC_EnableIRQ
    usart.o(i.HAL_UART_RxCpltCallback) refers to usart.o(i.USART2_ReceiveStart) for USART2_ReceiveStart
    usart.o(i.HAL_UART_RxCpltCallback) refers to usart.o(.data) for .data
    usart.o(i.HAL_UART_RxCpltCallback) refers to usart.o(.bss) for .bss
    usart.o(i.MX_USART2_UART_Init) refers to stm32f4xx_hal_uart.o(i.HAL_UART_Init) for HAL_UART_Init
    usart.o(i.MX_USART2_UART_Init) refers to main.o(i.Error_Handler) for Error_Handler
[...]
    i.NMI_Handler                            0x08002946   Section        0  stm32f4xx_it.o(i.NMI_Handler)
    i.OLED_Clear                             0x08002948   Section        0  oled.o(i.OLED_Clear)
    i.OLED_ClearArea                         0x08002970   Section        0  oled.o(i.OLED_ClearArea)
    i.OLED_GPIO_Init                         0x080029cc   Section        0  oled.o(i.OLED_GPIO_Init)
    i.OLED_I2C_SendByte                      0x08002a28   Section        0  oled.o(i.OLED_I2C_SendByte)
    i.OLED_I2C_Start                         0x08002a62   Section        0  oled.o(i.OLED_I2C_Start)
    i.OLED_I2C_Stop                          0x08002a80   Section        0  oled.o(i.OLED_I2C_Stop)
    i.OLED_Init                              0x08002a98   Section        0  oled.o(i.OLED_Init)
    i.OLED_Pow                               0x08002b34   Section        0  oled.o(i.OLED_Pow)
    i.OLED_SetCursor                         0x08002b42   Section        0  oled.o(i.OLED_SetCursor)
    i.OLED_ShowChar                          0x08002b68   Section        0  oled.o(i.OLED_ShowChar)
    i.OLED_ShowChinese                       0x08002ba4   Section        0  oled.o(i.OLED_ShowChinese)
    i.OLED_ShowImage                         0x08002c30   Section        0  oled.o(i.OLED_ShowImage)
    i.OLED_ShowNum                           0x08002cf0   Section        0  oled.o(i.OLED_ShowNum)
    i.OLED_ShowString                        0x08002d36   Section        0  oled.o(i.OLED_ShowString)
    i.OLED_Task                              0x08002d64   Section        0  mytask.o(i.OLED_Task)
    i.OLED_Update                            0x08002eb0   Section        0  oled.o(i.OLED_Update)
    i.OLED_W_SCL                             0x08002ed8   Section        0  oled.o(i.OLED_W_SCL)
    i.OLED_W_SDA                             0x08002ef4   Section        0  oled.o(i.OLED_W_SDA)
    i.OLED_WriteCommand                      0x08002f10   Section        0  oled.o(i.OLED_WriteCommand)
    i.OLED_WriteData                         0x08002f32   Section        0  oled.o(i.OLED_WriteData)
    i.Start_Task                             0x08002f64   Section        0  mytask.o(i.Start_Task)
    i.SysTick_Handler                        0x08003008   Section        0  stm32f4xx_it.o(i.SysTick_Handler)
    i.SystemClock_Config                     0x0800301c   Section        0  main.o(i.SystemClock_Config)
    i.SystemInit                             0x080030b4   Section        0  system_stm32f4xx.o(i.SystemInit)
    i.TIM7_IRQHandler                        0x080030c4   Section        0  stm32f4xx_it.o(i.TIM7_IRQHandler)
    i.TIM_Base_SetConfig                     0x080030d0   Section        0  stm32f4xx_hal_tim.o(i.TIM_Base_SetConfig)
    i.UART_DMAAbortOnError                   0x080031a0   Section        0  stm32f4xx_hal_uart.o(i.UART_DMAAbortOnError)
    UART_DMAAbortOnError                     0x080031a1   Thumb Code    14  stm32f4xx_hal_uart.o(i.UART_DMAAbortOnError)
    i.UART_EndRxTransfer                     0x080031ae   Section        0  stm32f4xx_hal_uart.o(i.UART_EndRxTransfer)
    UART_EndRxTransfer                       0x080031af   Thumb Code    78  stm32f4xx_hal_uart.o(i.UART_EndRxTransfer)
    i.UART_Receive_IT                        0x080031fc   Section        0  stm32f4xx_hal_uart.o(i.UART_Receive_IT)
    UART_Receive_IT                          0x080031fd   Thumb Code   194  stm32f4xx_hal_uart.o(i.UART_Receive_IT)
    i.UART_SetConfig                         0x080032c0   Section        0  stm32f4xx_hal_uart.o(i.UART_SetConfig)
    UART_SetConfig                           0x080032c1   Thumb Code   258  stm32f4xx_hal_uart.o(i.UART_SetConfig)
    i.UART_Start_Receive_IT                  0x080033cc   Section        0  stm32f4xx_hal_uart.o(i.UART_Start_Receive_IT)
    i.UART_WaitOnFlagUntilTimeout            0x08003402   Section        0  stm32f4xx_hal_uart.o(i.UART_WaitOnFlagUntilTimeout)
    UART_WaitOnFlagUntilTimeout              0x08003403   Thumb Code   114  stm32f4xx_hal_uart.o(i.UART_WaitOnFlagUntilTimeout)
    i.USART2_IRQHandler                      0x08003474   Section        0  stm32f4xx_it.o(i.USART2_IRQHandler)
    i.USART2_ReceiveStart                    0x08003480   Section        0  usart.o(i.USART2_ReceiveStart)
    i.UsageFault_Handler                     0x08003494   Section        0  stm32f4xx_it.o(i.UsageFault_Handler)
    i.__0printf                              0x08003498   Section        0  printfa.o(i.__0printf)
    i.__NVIC_SetPriority                     0x080034b8   Section        0  stm32f4xx_hal_cortex.o(i.__NVIC_SetPriority)
    __NVIC_SetPriority                       0x080034b9   Thumb Code    32  stm32f4xx_hal_cortex.o(i.__NVIC_SetPriority)
    i.__scatterload_copy                     0x080034d8   Section       14  handlers.o(i.__scatterload_copy)
    i.__scatterload_null                     0x080034e6   Section        2  handlers.o(i.__scatterload_null)
    i.__scatterload_zeroinit                 0x080034e8   Section       14  handlers.o(i.__scatterload_zeroinit)
    i._fp_digits                             0x080034f8   Section        0  printfa.o(i._fp_digits)
    _fp_digits                               0x080034f9   Thumb Code   366  printfa.o(i._fp_digits)
    i._printf_core                           0x0800367c   Section        0  printfa.o(i._printf_core)
    _printf_core                             0x0800367d   Thumb Code  1704  printfa.o(i._printf_core)
    i._printf_post_padding                   0x08003d30   Section        0  printfa.o(i._printf_post_padding)
    _printf_post_padding                     0x08003d31   Thumb Code    36  printfa.o(i._printf_post_padding)
    i._printf_pre_padding                    0x08003d54   Section        0  printfa.o(i._printf_pre_padding)
    _printf_pre_padding                      0x08003d55   Thumb Code    46  printfa.o(i._printf_pre_padding)
    i.bh_data_read                           0x08003d84   Section        0  bh1750.o(i.bh_data_read)
    i.bh_data_send                           0x08003dc4   Section        0  bh1750.o(i.bh_data_send)
    i.delay_us                               0x08003de0   Section        0  tim.o(i.delay_us)
    i.fputc                                  0x08003df8   Section        0  usart.o(i.fputc)
    i.i2c_Delay                              0x08003e10   Section        0  oled.o(i.i2c_Delay)
    i2c_Delay                                0x08003e11   Thumb Code    12  oled.o(i.i2c_Delay)
    i.main                                   0x08003e1c   Section        0  main.o(i.main)
    i.prvAddCurrentTaskToDelayedList         0x08003e6c   Section        0  tasks.o(i.prvAddCurrentTaskToDelayedList)
    prvAddCurrentTaskToDelayedList           0x08003e6d   Thumb Code   128  tasks.o(i.prvAddCurrentTaskToDelayedList)
    i.prvAddNewTaskToReadyList               0x08003ef4   Section        0  tasks.o(i.prvAddNewTaskToReadyList)
    prvAddNewTaskToReadyList                 0x08003ef5   Thumb Code   228  tasks.o(i.prvAddNewTaskToReadyList)
    i.prvCheckForValidListAndQueue           0x08003fe4   Section        0  timers.o(i.prvCheckForValidListAndQueue)
    prvCheckForValidListAndQueue             0x08003fe5   Thumb Code    62  timers.o(i.prvCheckForValidListAndQueue)
    i.prvCopyDataFromQueue                   0x08004034   Section        0  queue.o(i.prvCopyDataFromQueue)
    prvCopyDataFromQueue                     0x08004035   Thumb Code    38  queue.o(i.prvCopyDataFromQueue)
    i.prvCopyDataToQueue                     0x0800405a   Section        0  queue.o(i.prvCopyDataToQueue)
    prvCopyDataToQueue                       0x0800405b   Thumb Code   108  queue.o(i.prvCopyDataToQueue)
    i.prvDeleteTCB                           0x080040c6   Section        0  tasks.o(i.prvDeleteTCB)
    prvDeleteTCB                             0x080040c7   Thumb Code    20  tasks.o(i.prvDeleteTCB)
    i.prvHeapInit                            0x080040dc   Section        0  heap_4.o(i.prvHeapInit)
    prvHeapInit                              0x080040dd   Thumb Code    60  heap_4.o(i.prvHeapInit)
    i.prvIdleTask                            0x08004120   Section        0  tasks.o(i.prvIdleTask)
    prvIdleTask                              0x08004121   Thumb Code    82  tasks.o(i.prvIdleTask)
    i.prvInitialiseNewTask                   0x08004180   Section        0  tasks.o(i.prvInitialiseNewTask)
    prvInitialiseNewTask                     0x08004181   Thumb Code   166  tasks.o(i.prvInitialiseNewTask)
    i.prvInsertBlockIntoFreeList             0x08004228   Section        0  heap_4.o(i.prvInsertBlockIntoFreeList)
    prvInsertBlockIntoFreeList               0x08004229   Thumb Code    72  heap_4.o(i.prvInsertBlockIntoFreeList)
    i.prvInsertTimerInActiveList             0x08004274   Section        0  timers.o(i.prvInsertTimerInActiveList)
    prvInsertTimerInActiveList               0x08004275   Thumb Code    52  timers.o(i.prvInsertTimerInActiveList)
    i.prvIsQueueEmpty                        0x080042ac   Section        0  queue.o(i.prvIsQueueEmpty)
    prvIsQueueEmpty                          0x080042ad   Thumb Code    28  queue.o(i.prvIsQueueEmpty)
    i.prvProcessExpiredTimer                 0x080042c8   Section        0  timers.o(i.prvProcessExpiredTimer)
    prvProcessExpiredTimer                   0x080042c9   Thumb Code    58  timers.o(i.prvProcessExpiredTimer)
    i.prvProcessReceivedCommands             0x08004308   Section        0  timers.o(i.prvProcessReceivedCommands)
    prvProcessReceivedCommands               0x08004309   Thumb Code   222  timers.o(i.prvProcessReceivedCommands)
    i.prvProcessTimerOrBlockTask             0x080043ec   Section        0  timers.o(i.prvProcessTimerOrBlockTask)
    prvProcessTimerOrBlockTask               0x080043ed   Thumb Code    98  timers.o(i.prvProcessTimerOrBlockTask)
    i.prvReloadTimer                         0x08004458   Section        0  timers.o(i.prvReloadTimer)
    prvReloadTimer                           0x08004459   Thumb Code    40  timers.o(i.prvReloadTimer)
    i.prvResetNextTaskUnblockTime            0x08004480   Section        0  tasks.o(i.prvResetNextTaskUnblockTime)
    prvResetNextTaskUnblockTime              0x08004481   Thumb Code    24  tasks.o(i.prvResetNextTaskUnblockTime)
    i.prvSampleTimeNow                       0x0800449c   Section        0  timers.o(i.prvSampleTimeNow)
    prvSampleTimeNow                         0x0800449d   Thumb Code    66  timers.o(i.prvSampleTimeNow)
    i.prvTaskExitError                       0x080044e4   Section        0  port.o(i.prvTaskExitError)
    prvTaskExitError                         0x080044e5   Thumb Code    36  port.o(i.prvTaskExitError)
    i.prvTimerTask                           0x0800450c   Section        0  timers.o(i.prvTimerTask)
    prvTimerTask                             0x0800450d   Thumb Code    32  timers.o(i.prvTimerTask)
    i.prvUnlockQueue                         0x08004530   Section        0  queue.o(i.prvUnlockQueue)
    prvUnlockQueue                           0x08004531   Thumb Code   106  queue.o(i.prvUnlockQueue)
    i.pvPortMalloc                           0x0800459c   Section        0  heap_4.o(i.pvPortMalloc)
    i.pvTaskIncrementMutexHeldCount          0x0800465c   Section        0  tasks.o(i.pvTaskIncrementMutexHeldCount)
    i.pxPortInitialiseStack                  0x08004674   Section        0  port.o(i.pxPortInitialiseStack)
    i.uxListRemove                           0x080046a0   Section        0  list.o(i.uxListRemove)
    i.vListInitialise                        0x080046c6   Section        0  list.o(i.vListInitialise)
    i.vListInitialiseItem                    0x080046dc   Section        0  list.o(i.vListInitialiseItem)
    i.vListInsert                            0x080046e2   Section        0  list.o(i.vListInsert)
    i.vListInsertEnd                         0x08004712   Section        0  list.o(i.vListInsertEnd)
    i.vPortEnterCritical                     0x0800472c   Section        0  port.o(i.vPortEnterCritical)
    i.vPortExitCritical                      0x0800476c   Section        0  port.o(i.vPortExitCritical)
    i.vPortFree                              0x08004794   Section        0  heap_4.o(i.vPortFree)
    i.vPortSetupTimerInterrupt               0x080047f8   Section        0  port.o(i.vPortSetupTimerInterrupt)
    i.vQueueAddToRegistry                    0x0800481c   Section        0  queue.o(i.vQueueAddToRegistry)
    i.vQueueWaitForMessageRestricted         0x0800486c   Section        0  queue.o(i.vQueueWaitForMessageRestricted)
    i.vTaskDelay                             0x080048b0   Section        0  tasks.o(i.vTaskDelay)
    i.vTaskDelete                            0x080048fc   Section        0  tasks.o(i.vTaskDelete)
    i.vTaskInternalSetTimeOutState           0x080049ac   Section        0  tasks.o(i.vTaskInternalSetTimeOutState)
    i.vTaskMissedYield                       0x080049bc   Section        0  tasks.o(i.vTaskMissedYield)
    i.vTaskPlaceOnEventList                  0x080049c8   Section        0  tasks.o(i.vTaskPlaceOnEventList)
    i.vTaskPlaceOnEventListRestricted        0x080049f8   Section        0  tasks.o(i.vTaskPlaceOnEventListRestricted)
    i.vTaskPriorityDisinheritAfterTimeout    0x08004a48   Section        0  tasks.o(i.vTaskPriorityDisinheritAfterTimeout)
    i.vTaskStartScheduler                    0x08004b0c   Section        0  tasks.o(i.vTaskStartScheduler)
    i.vTaskSuspendAll                        0x08004b7c   Section        0  tasks.o(i.vTaskSuspendAll)
    i.vTaskSwitchContext                     0x08004b8c   Section        0  tasks.o(i.vTaskSwitchContext)
    i.xPortStartScheduler                    0x08004be8   Section        0  port.o(i.xPortStartScheduler)
    i.xPortSysTickHandler                    0x08004cdc   Section        0  port.o(i.xPortSysTickHandler)
    i.xQueueCreateMutex                      0x08004d08   Section        0  queue.o(i.xQueueCreateMutex)
    i.xQueueGenericCreate                    0x08004d2c   Section        0  queue.o(i.xQueueGenericCreate)
    i.xQueueGenericReset                     0x08004d8c   Section        0  queue.o(i.xQueueGenericReset)
    i.xQueueGenericSend                      0x08004e3c   Section        0  queue.o(i.xQueueGenericSend)
    i.xQueueReceive                          0x08004f9c   Section        0  queue.o(i.xQueueReceive)
    i.xQueueSemaphoreTake                    0x080050d4   Section        0  queue.o(i.xQueueSemaphoreTake)
    i.xTaskCheckForTimeOut                   0x0800523c   Section        0  tasks.o(i.xTaskCheckForTimeOut)
    i.xTaskCreate                            0x080052b8   Section        0  tasks.o(i.xTaskCreate)
    i.xTaskGetSchedulerState                 0x08005314   Section        0  tasks.o(i.xTaskGetSchedulerState)
    i.xTaskGetTickCount                      0x08005330   Section        0  tasks.o(i.xTaskGetTickCount)
    i.xTaskIncrementTick                     0x0800533c   Section        0  tasks.o(i.xTaskIncrementTick)
    i.xTaskPriorityDisinherit                0x08005474   Section        0  tasks.o(i.xTaskPriorityDisinherit)
    i.xTaskPriorityInherit                   0x0800552c   Section        0  tasks.o(i.xTaskPriorityInherit)
    i.xTaskRemoveFromEventList               0x080055dc   Section        0  tasks.o(i.xTaskRemoveFromEventList)
    i.xTaskResumeAll                         0x080056b8   Section        0  tasks.o(i.xTaskResumeAll)
    i.xTimerCreateTimerTask                  0x080057e4   Section        0  timers.o(i.xTimerCreateTimerTask)
    .constdata                               0x08005830   Section       16  system_stm32f4xx.o(.constdata)
    .constdata                               0x08005840   Section        8  system_stm32f4xx.o(.constdata)
    .constdata                               0x08005848   Section     1520  oled_data.o(.constdata)
    .constdata                               0x08005e38   Section      570  oled_data.o(.constdata)
    .constdata                               0x08006072   Section      735  oled_data.o(.constdata)
    .data                                    0x20000000   Section        4  usart.o(.data)
    RxState                                  0x20000001   Data           1  usart.o(.data)
    pRxPacket                                0x20000002   Data           1  usart.o(.data)
    .data                                    0x20000004   Section       12  stm32f4xx_hal.o(.data)
    .data                                    0x20000010   Section        4  system_stm32f4xx.o(.data)
    .data                                    0x20000014   Section       64  tasks.o(.data)
    uxDeletedTasksWaitingCleanUp             0x20000018   Data           4  tasks.o(.data)
    uxCurrentNumberOfTasks                   0x2000001c   Data           4  tasks.o(.data)
    xTickCount                               0x20000020   Data           4  tasks.o(.data)
    uxTopReadyPriority                       0x20000024   Data           4  tasks.o(.data)
    xSchedulerRunning                        0x20000028   Data           4  tasks.o(.data)
    xPendedTicks                             0x2000002c   Data           4  tasks.o(.data)
    xYieldPending                            0x20000030   Data           4  tasks.o(.data)
    xNumOfOverflows                          0x20000034   Data           4  tasks.o(.data)
    uxTaskNumber                             0x20000038   Data           4  tasks.o(.data)
    xNextTaskUnblockTime                     0x2000003c   Data           4  tasks.o(.data)
    xIdleTaskHandle                          0x20000040   Data           4  tasks.o(.data)
    uxSchedulerSuspended                     0x20000048   Data           4  tasks.o(.data)
    pxDelayedTaskList                        0x2000004c   Data           4  tasks.o(.data)
    pxOverflowDelayedTaskList                0x20000050   Data           4  tasks.o(.data)
    .data                                    0x20000054   Section       20  timers.o(.data)
    xTimerQueue                              0x20000054   Data           4  timers.o(.data)
    xTimerTaskHandle                         0x20000058   Data           4  timers.o(.data)
    xLastTime                                0x2000005c   Data           4  timers.o(.data)
    pxCurrentTimerList                       0x20000060   Data           4  timers.o(.data)
    pxOverflowTimerList                      0x20000064   Data           4  timers.o(.data)
    .data                                    0x20000068   Section       12  port.o(.data)
    ucMaxSysCallPriority                     0x20000068   Data           1  port.o(.data)
    uxCriticalNesting                        0x2000006c   Data           4  port.o(.data)
    ulMaxPRIGROUPValue                       0x20000070   Data           4  port.o(.data)
    .data                                    0x20000074   Section       28  heap_4.o(.data)
    pxEnd                                    0x20000074   Data           4  heap_4.o(.data)
    xFreeBytesRemaining                      0x20000078   Data           4  heap_4.o(.data)
    xMinimumEverFreeBytesRemaining           0x2000007c   Data           4  heap_4.o(.data)
    xNumberOfSuccessfulAllocations           0x20000080   Data           4  heap_4.o(.data)
    xNumberOfSuccessfulFrees                 0x20000084   Data           4  heap_4.o(.data)
    xStart                                   0x20000088   Data           8  heap_4.o(.data)
    .data                                    0x20000090   Section       30  mytask.o(.data)
    .data                                    0x200000b0   Section        4  strtok.o(.data)
    state                                    0x200000b0   Data           4  strtok.o(.data)
    .data                                    0x200000b4   Section        4  stdout.o(.data)
    .bss                                     0x200000b8   Section       84  i2c.o(.bss)
    .bss                                     0x2000010c   Section       72  tim.o(.bss)
    .bss                                     0x20000154   Section      124  usart.o(.bss)
    .bss                                     0x200001d0   Section       72  stm32f4xx_hal_timebase_tim.o(.bss)
    .bss                                     0x20000218   Section     1024  oled.o(.bss)
    .bss                                     0x20000618   Section       64  queue.o(.bss)
    .bss                                     0x20000658   Section      200  tasks.o(.bss)
    pxReadyTasksLists                        0x20000658   Data         100  tasks.o(.bss)
    xDelayedTaskList1                        0x200006bc   Data          20  tasks.o(.bss)
    xDelayedTaskList2                        0x200006d0   Data          20  tasks.o(.bss)
    xPendingReadyList                        0x200006e4   Data          20  tasks.o(.bss)
    xTasksWaitingTermination                 0x200006f8   Data          20  tasks.o(.bss)
    xSuspendedTaskList                       0x2000070c   Data          20  tasks.o(.bss)
    .bss                                     0x20000720   Section       40  timers.o(.bss)
    xActiveTimerList1                        0x20000720   Data          20  timers.o(.bss)
    xActiveTimerList2                        0x20000734   Data          20  timers.o(.bss)
    .bss                                     0x20000748   Section    76800  heap_4.o(.bss)
    ucHeap                                   0x20000748   Data       76800  heap_4.o(.bss)
    STACK                                    0x20013348   Section     1024  startup_stm32f407xx.o(STACK)

    Global Symbols

    Symbol Name                              Value     Ov Type        Size  Object(Section)

    BuildAttributes$$THM_ISAv4$E$P$D$K$B$S$7EM$VFPi3$EXTD16$VFPS$VFMA$PE$A:L22UL41UL21$X:L11$S22US41US21$IEEE1$IW$USESV6$~STKCKD$USESV7$~SHL$OTIME$ROPI$IEEEX$EBA8$MICROLIB$REQ8$PRES8$EABIv2 0x00000000   Number         0  anon$$obj.o ABSOLUTE
    __ARM_use_no_argv                        0x00000000   Number         0  main.o ABSOLUTE
    _printf_a                                0x00000000   Number         0  stubs.o ABSOLUTE
    _printf_c                                0x00000000   Number         0  stubs.o ABSOLUTE
    _printf_charcount                        0x00000000   Number         0  stubs.o ABSOLUTE
    _printf_d                                0x00000000   Number         0  stubs.o ABSOLUTE
    _printf_e                                0x00000000   Number         0  stubs.o ABSOLUTE
    _printf_f                                0x00000000   Number         0  stubs.o ABSOLUTE
    _printf_flags                            0x00000000   Number         0  stubs.o ABSOLUTE
    _printf_fp_dec                           0x00000000   Number         0  stubs.o ABSOLUTE
    _printf_fp_hex                           0x00000000   Number         0  stubs.o ABSOLUTE
    _printf_g                                0x00000000   Number         0  stubs.o ABSOLUTE
    _printf_i                                0x00000000   Number         0  stubs.o ABSOLUTE
    _printf_int_dec                          0x00000000   Number         0  stubs.o ABSOLUTE
    _printf_l                                0x00000000   Number         0  stubs.o ABSOLUTE
    _printf_lc                               0x00000000   Number         0  stubs.o ABSOLUTE
    _printf_ll                               0x00000000   Number         0  stubs.o ABSOLUTE
    _printf_lld                              0x00000000   Number         0  stubs.o ABSOLUTE
    _printf_lli                              0x00000000   Number         0  stubs.o ABSOLUTE
    _printf_llo                              0x00000000   Number         0  stubs.o ABSOLUTE
    _printf_llu                              0x00000000   Number         0  stubs.o ABSOLUTE
    _printf_llx                              0x00000000   Number         0  stubs.o ABSOLUTE
    _printf_longlong_dec                     0x00000000   Number         0  stubs.o ABSOLUTE
    _printf_longlong_hex                     0x00000000   Number         0  stubs.o ABSOLUTE
    _printf_longlong_oct                     0x00000000   Number         0  stubs.o ABSOLUTE
    _printf_ls                               0x00000000   Number         0  stubs.o ABSOLUTE
    _printf_mbtowc                           0x00000000   Number         0  stubs.o ABSOLUTE
    _printf_n                                0x00000000   Number         0  stubs.o ABSOLUTE
    _printf_o                                0x00000000   Number         0  stubs.o ABSOLUTE
    _printf_p                                0x00000000   Number         0  stubs.o ABSOLUTE
    _printf_percent                          0x00000000   Number         0  stubs.o ABSOLUTE
    _printf_pre_padding                      0x00000000   Number         0  stubs.o ABSOLUTE
    _printf_return_value                     0x00000000   Number         0  stubs.o ABSOLUTE
    _printf_s                                0x00000000   Number         0  stubs.o ABSOLUTE
    _printf_sizespec                         0x00000000   Number         0  stubs.o ABSOLUTE
    _printf_str                              0x00000000   Number         0  stubs.o ABSOLUTE
    _printf_truncate_signed                  0x00000000   Number         0  stubs.o ABSOLUTE
    _printf_truncate_unsigned                0x00000000   Number         0  stubs.o ABSOLUTE
    _printf_u                                0x00000000   Number         0  stubs.o ABSOLUTE
    _printf_wc                               0x00000000   Number         0  stubs.o ABSOLUTE
    _printf_wctomb                           0x00000000   Number         0  stubs.o ABSOLUTE
    _printf_widthprec                        0x00000000   Number         0  stubs.o ABSOLUTE
    _printf_x                                0x00000000   Number         0  stubs.o ABSOLUTE
    __arm_fini_                               - Undefined Weak Reference
    __cpp_initialize__aeabi_                  - Undefined Weak Reference
    __cxa_finalize                            - Undefined Weak Reference
    __decompress                              - Undefined Weak Reference
    _clock_init                               - Undefined Weak Reference
    _microlib_exit                            - Undefined Weak Reference
    __Vectors_Size                           0x00000188   Number         0  startup_stm32f407xx.o ABSOLUTE
    __Vectors                                0x08000000   Data           4  startup_stm32f407xx.o(RESET)
    __Vectors_End                            0x08000188   Data           0  startup_stm32f407xx.o(RESET)
    __main                                   0x08000189   Thumb Code     0  entry.o(.ARM.Collect$$$$00000000)
    _main_stk                                0x08000189   Thumb Code     0  entry2.o(.ARM.Collect$$$$00000001)
    _main_scatterload                        0x0800018d   Thumb Code     0  entry5.o(.ARM.Collect$$$$00000004)
    __main_after_scatterload                 0x08000191   Thumb Code     0  entry5.o(.ARM.Collect$$$$00000004)
    _main_clock                              0x08000191   Thumb Code     0  entry7b.o(.ARM.Collect$$$$00000008)
    _main_cpp_init                           0x08000191   Thumb Code     0  entry8b.o(.ARM.Collect$$$$0000000A)
    _main_init                               0x08000191   Thumb Code     0  entry9a.o(.ARM.Collect$$$$0000000B)
    __rt_lib_shutdown_fini                   0x08000199   Thumb Code     0  entry12b.o(.ARM.Collect$$$$0000000E)
    __rt_final_cpp                           0x0800019d   Thumb Code     0  entry10a.o(.ARM.Collect$$$$0000000F)
    __rt_final_exit                          0x0800019d   Thumb Code     0  entry11a.o(.ARM.Collect$$$$00000011)
    SVC_Handler                              0x080001a1   Thumb Code    28  port.o(.emb_text)
    __asm___6_port_c_39a90d8d__prvStartFirstTask 0x080001c1   Thumb Code    36  port.o(.emb_text)
    __asm___6_port_c_39a90d8d__prvEnableVFP  0x080001e9   Thumb Code    16  port.o(.emb_text)
    PendSV_Handler                           0x080001fd   Thumb Code    88  port.o(.emb_text)
    vPortGetIPSR                             0x08000259   Thumb Code     6  port.o(.emb_text)
    Reset_Handler                            0x08000261   Thumb Code     8  startup_stm32f407xx.o(.text)
    ADC_IRQHandler                           0x0800027b   Thumb Code     0  startup_stm32f407xx.o(.text)
    CAN1_RX0_IRQHandler                      0x0800027b   Thumb Code     0  startup_stm32f407xx.o(.text)
    CAN1_RX1_IRQHandler                      0x0800027b   Thumb Code     0  startup_stm32f407xx.o(.text)
    CAN1_SCE_IRQHandler                      0x0800027b   Thumb Code     0  startup_stm32f407xx.o(.text)
    CAN1_TX_IRQHandler                       0x0800027b   Thumb Code     0  startup_stm32f407xx.o(.text)
    CAN2_RX0_IRQHandler                      0x0800027b   Thumb Code     0  startup_stm32f407xx.o(.text)
    CAN2_RX1_IRQHandler                      0x0800027b   Thumb Code     0  startup_stm32f407xx.o(.text)
    CAN2_SCE_IRQHandler                      0x0800027b   Thumb Code     0  startup_stm32f407xx.o(.text)
    CAN2_TX_IRQHandler                       0x0800027b   Thumb Code     0  startup_stm32f407xx.o(.text)
    DCMI_IRQHandler                          0x0800027b   Thumb Code     0  startup_stm32f407xx.o(.text)
    DMA1_Stream0_IRQHandler                  0x0800027b   Thumb Code     0  startup_stm32f407xx.o(.text)
    DMA1_Stream1_IRQHandler                  0x0800027b   Thumb Code     0  startup_stm32f407xx.o(.text)
    DMA1_Stream2_IRQHandler                  0x0800027b   Thumb Code     0  startup_stm32f407xx.o(.text)
    DMA1_Stream3_IRQHandler                  0x0800027b   Thumb Code     0  startup_stm32f407xx.o(.text)
    DMA1_Stream4_IRQHandler                  0x0800027b   Thumb Code     0  startup_stm32f407xx.o(.text)
    DMA1_Stream5_IRQHandler                  0x0800027b   Thumb Code     0  startup_stm32f407xx.o(.text)
    DMA1_Stream6_IRQHandler                  0x0800027b   Thumb Code     0  startup_stm32f407xx.o(.text)
    DMA1_Stream7_IRQHandler                  0x0800027b   Thumb Code     0  startup_stm32f407xx.o(.text)
    DMA2_Stream0_IRQHandler                  0x0800027b   Thumb Code     0  startup_stm32f407xx.o(.text)
    DMA2_Stream1_IRQHandler                  0x0800027b   Thumb Code     0  startup_stm32f407xx.o(.text)
    DMA2_Stream2_IRQHandler                  0x0800027b   Thumb Code     0  startup_stm32f407xx.o(.text)
    DMA2_Stream3_IRQHandler                  0x0800027b   Thumb Code     0  startup_stm32f407xx.o(.text)
    DMA2_Stream4_IRQHandler                  0x0800027b   Thumb Code     0  startup_stm32f407xx.o(.text)
    DMA2_Stream5_IRQHandler                  0x0800027b   Thumb Code     0  startup_stm32f407xx.o(.text)
    DMA2_Stream6_IRQHandler                  0x0800027b   Thumb Code     0  startup_stm32f407xx.o(.text)
    DMA2_Stream7_IRQHandler                  0x0800027b   Thumb Code     0  startup_stm32f407xx.o(.text)
    ETH_IRQHandler                           0x0800027b   Thumb Code     0  startup_stm32f407xx.o(.text)
    ETH_WKUP_IRQHandler                      0x0800027b   Thumb Code     0  startup_stm32f407xx.o(.text)
    EXTI0_IRQHandler                         0x0800027b   Thumb Code     0  startup_stm32f407xx.o(.text)
    EXTI15_10_IRQHandler                     0x0800027b   Thumb Code     0  startup_stm32f407xx.o(.text)
    EXTI1_IRQHandler                         0x0800027b   Thumb Code     0  startup_stm32f407xx.o(.text)
    EXTI2_IRQHandler                         0x0800027b   Thumb Code     0  startup_stm32f407xx.o(.text)
    EXTI3_IRQHandler                         0x0800027b   Thumb Code     0  startup_stm32f407xx.o(.text)
    EXTI4_IRQHandler                         0x0800027b   Thumb Code     0  startup_stm32f407xx.o(.text)
    EXTI9_5_IRQHandler                       0x0800027b   Thumb Code     0  startup_stm32f407xx.o(.text)
    FLASH_IRQHandler                         0x0800027b   Thumb Code     0  startup_stm32f407xx.o(.text)
    FMC_IRQHandler                           0x0800027b   Thumb Code     0  startup_stm32f407xx.o(.text)
    FPU_IRQHandler                           0x0800027b   Thumb Code     0  startup_stm32f407xx.o(.text)
    HASH_RNG_IRQHandler                      0x0800027b   Thumb Code     0  startup_stm32f407xx.o(.text)
    I2C1_ER_IRQHandler                       0x0800027b   Thumb Code     0  startup_stm32f407xx.o(.text)
    I2C1_EV_IRQHandler                       0x0800027b   Thumb Code     0  startup_stm32f407xx.o(.text)
    I2C2_ER_IRQHandler                       0x0800027b   Thumb Code     0  startup_stm32f407xx.o(.text)
    I2C2_EV_IRQHandler                       0x0800027b   Thumb Code     0  startup_stm32f407xx.o(.text)
    I2C3_ER_IRQHandler                       0x0800027b   Thumb Code     0  startup_stm32f407xx.o(.text)
    I2C3_EV_IRQHandler                       0x0800027b   Thumb Code     0  startup_stm32f407xx.o(.text)
    OTG_FS_IRQHandler                        0x0800027b   Thumb Code     0  startup_stm32f407xx.o(.text)
    OTG_FS_WKUP_IRQHandler                   0x0800027b   Thumb Code     0  startup_stm32f407xx.o(.text)
    OTG_HS_EP1_IN_IRQHandler                 0x0800027b   Thumb Code     0  startup_stm32f407xx.o(.text)
    OTG_HS_EP1_OUT_IRQHandler                0x0800027b   Thumb Code     0  startup_stm32f407xx.o(.text)
    OTG_HS_IRQHandler                        0x0800027b   Thumb Code     0  startup_stm32f407xx.o(.text)
    OTG_HS_WKUP_IRQHandler                   0x0800027b   Thumb Code     0  startup_stm32f407xx.o(.text)
    PVD_IRQHandler                           0x0800027b   Thumb Code     0  startup_stm32f407xx.o(.text)
    RCC_IRQHandler                           0x0800027b   Thumb Code     0  startup_stm32f407xx.o(.text)
    RTC_Alarm_IRQHandler                     0x0800027b   Thumb Code     0  startup_stm32f407xx.o(.text)
    RTC_WKUP_IRQHandler                      0x0800027b   Thumb Code     0  startup_stm32f407xx.o(.text)
    SDIO_IRQHandler                          0x0800027b   Thumb Code     0  startup_stm32f407xx.o(.text)
    SPI1_IRQHandler                          0x0800027b   Thumb Code     0  startup_stm32f407xx.o(.text)
    SPI2_IRQHandler                          0x0800027b   Thumb Code     0  startup_stm32f407xx.o(.text)
    SPI3_IRQHandler                          0x0800027b   Thumb Code     0  startup_stm32f407xx.o(.text)
    TAMP_STAMP_IRQHandler                    0x0800027b   Thumb Code     0  startup_stm32f407xx.o(.text)
    TIM1_BRK_TIM9_IRQHandler                 0x0800027b   Thumb Code     0  startup_stm32f407xx.o(.text)
    TIM1_CC_IRQHandler                       0x0800027b   Thumb Code     0  startup_stm32f407xx.o(.text)
    TIM1_TRG_COM_TIM11_IRQHandler            0x0800027b   Thumb Code     0  startup_stm32f407xx.o(.text)
    TIM1_UP_TIM10_IRQHandler                 0x0800027b   Thumb Code     0  startup_stm32f407xx.o(.text)
    TIM2_IRQHandler                          0x0800027b   Thumb Code     0  startup_stm32f407xx.o(.text)
    TIM3_IRQHandler                          0x0800027b   Thumb Code     0  startup_stm32f407xx.o(.text)
    TIM4_IRQHandler                          0x0800027b   Thumb Code     0  startup_stm32f407xx.o(.text)
    TIM5_IRQHandler                          0x0800027b   Thumb Code     0  startup_stm32f407xx.o(.text)
    TIM6_DAC_IRQHandler                      0x0800027b   Thumb Code     0  startup_stm32f407xx.o(.text)
    TIM8_BRK_TIM12_IRQHandler                0x0800027b   Thumb Code     0  startup_stm32f407xx.o(.text)
    TIM8_CC_IRQHandler                       0x0800027b   Thumb Code     0  startup_stm32f407xx.o(.text)
    TIM8_TRG_COM_TIM14_IRQHandler            0x0800027b   Thumb Code     0  startup_stm32f407xx.o(.text)
    TIM8_UP_TIM13_IRQHandler                 0x0800027b   Thumb Code     0  startup_stm32f407xx.o(.text)
    UART4_IRQHandler                         0x0800027b   Thumb Code     0  startup_stm32f407xx.o(.text)
    UART5_IRQHandler                         0x0800027b   Thumb Code     0  startup_stm32f407xx.o(.text)
    USART1_IRQHandler                        0x0800027b   Thumb Code     0  startup_stm32f407xx.o(.text)
    USART3_IRQHandler                        0x0800027b   Thumb Code     0  startup_stm32f407xx.o(.text)
    USART6_IRQHandler                        0x0800027b   Thumb Code     0  startup_stm32f407xx.o(.text)
    WWDG_IRQHandler                          0x0800027b   Thumb Code     0  startup_stm32f407xx.o(.text)
    __aeabi_uldivmod                         0x08000285   Thumb Code    98  uldiv.o(.text)
    __aeabi_memcpy                           0x080002e7   Thumb Code    36  memcpya.o(.text)
    __aeabi_memcpy4                          0x080002e7   Thumb Code     0  memcpya.o(.text)
    __aeabi_memcpy8                          0x080002e7   Thumb Code     0  memcpya.o(.text)
    __aeabi_memset                           0x0800030b   Thumb Code    14  memseta.o(.text)
    __aeabi_memset4                          0x0800030b   Thumb Code     0  memseta.o(.text)
    __aeabi_memset8                          0x0800030b   Thumb Code     0  memseta.o(.text)
    __aeabi_memclr                           0x08000319   Thumb Code     4  memseta.o(.text)
    __aeabi_memclr4                          0x08000319   Thumb Code     0  memseta.o(.text)
    __aeabi_memclr8                          0x08000319   Thumb Code     0  memseta.o(.text)
    memset                                   0x0800031d   Thumb Code    18  memseta.o(.text)
    strcmp                                   0x0800032f   Thumb Code    28  strcmp.o(.text)
    strtok                                   0x0800034d   Thumb Code    62  strtok.o(.text)
    __aeabi_dadd                             0x08000391   Thumb Code   322  dadd.o(.text)
    __aeabi_dsub                             0x080004d3   Thumb Code     6  dadd.o(.text)
    __aeabi_drsub                            0x080004d9   Thumb Code     6  dadd.o(.text)
    __aeabi_dmul                             0x080004df   Thumb Code   228  dmul.o(.text)
    __aeabi_ddiv                             0x080005c3   Thumb Code   222  ddiv.o(.text)
    __aeabi_ui2d                             0x080006a1   Thumb Code    26  dfltui.o(.text)
    __aeabi_d2uiz                            0x080006bb   Thumb Code    50  dfixui.o(.text)
    __aeabi_cdrcmple                         0x080006ed   Thumb Code    48  cdrcmple.o(.text)
    __aeabi_uidiv                            0x0800071d   Thumb Code     0  uidiv.o(.text)
    __aeabi_uidivmod                         0x0800071d   Thumb Code    44  uidiv.o(.text)
    __aeabi_llsl                             0x08000749   Thumb Code    30  llshl.o(.text)
    _ll_shift_l                              0x08000749   Thumb Code     0  llshl.o(.text)
    __aeabi_llsr                             0x08000767   Thumb Code    32  llushr.o(.text)
    _ll_ushift_r                             0x08000767   Thumb Code     0  llushr.o(.text)
    __aeabi_lasr                             0x08000787   Thumb Code    36  llsshr.o(.text)
    _ll_sshift_r                             0x08000787   Thumb Code     0  llsshr.o(.text)
    __I$use$fp                               0x080007ab   Thumb Code     0  iusefp.o(.text)
    _double_round                            0x080007ab   Thumb Code    30  depilogue.o(.text)
    _double_epilogue                         0x080007c9   Thumb Code   156  depilogue.o(.text)
    __aeabi_d2ulz                            0x08000865   Thumb Code    48  dfixul.o(.text)
    __scatterload                            0x08000895   Thumb Code    28  init.o(.text)
    __scatterload_rt2                        0x08000895   Thumb Code     0  init.o(.text)
    BH1750_Init                              0x080008b9   Thumb Code    30  bh1750.o(i.BH1750_Init)
    BH1750_Task                              0x080008d9   Thumb Code    48  mytask.o(i.BH1750_Task)
    BLUETOOTH_Task                           0x0800090d   Thumb Code    12  mytask.o(i.BLUETOOTH_Task)
    BlueThooth_Function                      0x08000919   Thumb Code   190  bluetooth.o(i.BlueThooth_Function)
    BusFault_Handler                         0x08000a49   Thumb Code     2  stm32f4xx_it.o(i.BusFault_Handler)
    DHT11_Check                              0x08000a4d   Thumb Code    86  dht11.o(i.DHT11_Check)
    DHT11_Init                               0x08000aa9   Thumb Code    64  dht11.o(i.DHT11_Init)
    DHT11_Mode                               0x08000af1   Thumb Code    28  dht11.o(i.DHT11_Mode)
    DHT11_Read_Bit                           0x08000b11   Thumb Code    82  dht11.o(i.DHT11_Read_Bit)
    DHT11_Read_Byte                          0x08000b69   Thumb Code    26  dht11.o(i.DHT11_Read_Byte)
    DHT11_Read_Data                          0x08000b85   Thumb Code    88  dht11.o(i.DHT11_Read_Data)
    DHT11_Rst                                0x08000bdd   Thumb Code    46  dht11.o(i.DHT11_Rst)
    DHT11_Task                               0x08000c11   Thumb Code    84  mytask.o(i.DHT11_Task)
    DebugMon_Handler                         0x08000c69   Thumb Code     2  stm32f4xx_it.o(i.DebugMon_Handler)
    Error_Handler                            0x08000c6b   Thumb Code     4  main.o(i.Error_Handler)
    FreeRTOS_Start                           0x08000c71   Thumb Code    60  mytask.o(i.FreeRTOS_Start)
    HAL_DMA_Abort                            0x08000cc1   Thumb Code   146  stm32f4xx_hal_dma.o(i.HAL_DMA_Abort)
    HAL_DMA_Abort_IT                         0x08000d53   Thumb Code    36  stm32f4xx_hal_dma.o(i.HAL_DMA_Abort_IT)
    HAL_Delay                                0x08000d79   Thumb Code    32  stm32f4xx_hal.o(i.HAL_Delay)
    HAL_GPIO_Init                            0x08000d9d   Thumb Code   450  stm32f4xx_hal_gpio.o(i.HAL_GPIO_Init)
    HAL_GPIO_ReadPin                         0x08000f8d   Thumb Code    10  stm32f4xx_hal_gpio.o(i.HAL_GPIO_ReadPin)
    HAL_GPIO_WritePin                        0x08000f97   Thumb Code    10  stm32f4xx_hal_gpio.o(i.HAL_GPIO_WritePin)
    HAL_GetTick                              0x08000fa1   Thumb Code     6  stm32f4xx_hal.o(i.HAL_GetTick)
    HAL_I2C_Init                             0x08000fad   Thumb Code   376  stm32f4xx_hal_i2c.o(i.HAL_I2C_Init)
    HAL_I2C_Master_Receive                   0x08001135   Thumb Code   482  stm32f4xx_hal_i2c.o(i.HAL_I2C_Master_Receive)
    HAL_I2C_Master_Transmit                  0x08001325   Thumb Code   290  stm32f4xx_hal_i2c.o(i.HAL_I2C_Master_Transmit)
    HAL_I2C_MspInit                          0x08001451   Thumb Code    92  i2c.o(i.HAL_I2C_MspInit)
    HAL_IncTick                              0x080014b9   Thumb Code    12  stm32f4xx_hal.o(i.HAL_IncTick)
    HAL_Init                                 0x080014c9   Thumb Code    48  stm32f4xx_hal.o(i.HAL_Init)
    HAL_InitTick                             0x080014fd   Thumb Code   132  stm32f4xx_hal_timebase_tim.o(i.HAL_InitTick)
    HAL_MspInit                              0x08001595   Thumb Code    42  stm32f4xx_hal_msp.o(i.HAL_MspInit)
    HAL_NVIC_EnableIRQ                       0x080015c5   Thumb Code    26  stm32f4xx_hal_cortex.o(i.HAL_NVIC_EnableIRQ)
    HAL_NVIC_SetPriority                     0x080015e1   Thumb Code    60  stm32f4xx_hal_cortex.o(i.HAL_NVIC_SetPriority)
    HAL_NVIC_SetPriorityGrouping             0x08001621   Thumb Code    26  stm32f4xx_hal_cortex.o(i.HAL_NVIC_SetPriorityGrouping)
    HAL_RCC_ClockConfig                      0x08001645   Thumb Code   288  stm32f4xx_hal_rcc.o(i.HAL_RCC_ClockConfig)
    HAL_RCC_GetClockConfig                   0x08001779   Thumb Code    54  stm32f4xx_hal_rcc.o(i.HAL_RCC_GetClockConfig)
    HAL_RCC_GetPCLK1Freq                     0x080017b9   Thumb Code    20  stm32f4xx_hal_rcc.o(i.HAL_RCC_GetPCLK1Freq)
    HAL_RCC_GetPCLK2Freq                     0x080017d9   Thumb Code    20  stm32f4xx_hal_rcc.o(i.HAL_RCC_GetPCLK2Freq)
    HAL_RCC_GetSysClockFreq                  0x080017f9   Thumb Code    88  stm32f4xx_hal_rcc.o(i.HAL_RCC_GetSysClockFreq)
    HAL_RCC_OscConfig                        0x0800185d   Thumb Code   856  stm32f4xx_hal_rcc.o(i.HAL_RCC_OscConfig)
    HAL_TIMEx_BreakCallback                  0x08001bc9   Thumb Code     2  stm32f4xx_hal_tim_ex.o(i.HAL_TIMEx_BreakCallback)
    HAL_TIMEx_CommutCallback                 0x08001bcb   Thumb Code     2  stm32f4xx_hal_tim_ex.o(i.HAL_TIMEx_CommutCallback)
    HAL_TIMEx_MasterConfigSynchronization    0x08001bcd   Thumb Code   116  stm32f4xx_hal_tim_ex.o(i.HAL_TIMEx_MasterConfigSynchronization)
    HAL_TIM_Base_Init                        0x08001c5d   Thumb Code    90  stm32f4xx_hal_tim.o(i.HAL_TIM_Base_Init)
    HAL_TIM_Base_MspInit                     0x08001cb9   Thumb Code    30  tim.o(i.HAL_TIM_Base_MspInit)
    HAL_TIM_Base_Start                       0x08001ce1   Thumb Code    90  stm32f4xx_hal_tim.o(i.HAL_TIM_Base_Start)
    HAL_TIM_Base_Start_IT                    0x08001d59   Thumb Code   100  stm32f4xx_hal_tim.o(i.HAL_TIM_Base_Start_IT)
    HAL_TIM_IC_CaptureCallback               0x08001dd9   Thumb Code     2  stm32f4xx_hal_tim.o(i.HAL_TIM_IC_CaptureCallback)
    HAL_TIM_IRQHandler                       0x08001ddb   Thumb Code   304  stm32f4xx_hal_tim.o(i.HAL_TIM_IRQHandler)
    HAL_TIM_OC_DelayElapsedCallback          0x08001f0b   Thumb Code     2  stm32f4xx_hal_tim.o(i.HAL_TIM_OC_DelayElapsedCallback)
    HAL_TIM_PWM_PulseFinishedCallback        0x08001f0d   Thumb Code     2  stm32f4xx_hal_tim.o(i.HAL_TIM_PWM_PulseFinishedCallback)
    HAL_TIM_PeriodElapsedCallback            0x08001f11   Thumb Code    14  main.o(i.HAL_TIM_PeriodElapsedCallback)
    HAL_TIM_TriggerCallback                  0x08001f25   Thumb Code     2  stm32f4xx_hal_tim.o(i.HAL_TIM_TriggerCallback)
    HAL_UARTEx_RxEventCallback               0x08001f27   Thumb Code     2  stm32f4xx_hal_uart.o(i.HAL_UARTEx_RxEventCallback)
    HAL_UART_ErrorCallback                   0x08001f29   Thumb Code     2  stm32f4xx_hal_uart.o(i.HAL_UART_ErrorCallback)
    HAL_UART_IRQHandler                      0x08001f2d   Thumb Code   636  stm32f4xx_hal_uart.o(i.HAL_UART_IRQHandler)
    HAL_UART_Init                            0x080021ad   Thumb Code   100  stm32f4xx_hal_uart.o(i.HAL_UART_Init)
    HAL_UART_MspInit                         0x08002211   Thumb Code   108  usart.o(i.HAL_UART_MspInit)
    HAL_UART_Receive_IT                      0x08002289   Thumb Code    28  stm32f4xx_hal_uart.o(i.HAL_UART_Receive_IT)
    HAL_UART_RxCpltCallback                  0x080022a5   Thumb Code    88  usart.o(i.HAL_UART_RxCpltCallback)
    HAL_UART_Transmit                        0x08002309   Thumb Code   160  stm32f4xx_hal_uart.o(i.HAL_UART_Transmit)
    HAL_UART_TxCpltCallback                  0x080023a9   Thumb Code     2  stm32f4xx_hal_uart.o(i.HAL_UART_TxCpltCallback)
    HardFault_Handler                        0x080023ab   Thumb Code     2  stm32f4xx_it.o(i.HardFault_Handler)
    MX_GPIO_Init                             0x080027d1   Thumb Code   166  gpio.o(i.MX_GPIO_Init)
    MX_I2C1_Init                             0x08002889   Thumb Code    50  i2c.o(i.MX_I2C1_Init)
    MX_TIM6_Init                             0x080028c9   Thumb Code    60  tim.o(i.MX_TIM6_Init)
    MX_USART2_UART_Init                      0x0800290d   Thumb Code    48  usart.o(i.MX_USART2_UART_Init)
    MemManage_Handler                        0x08002945   Thumb Code     2  stm32f4xx_it.o(i.MemManage_Handler)
    NMI_Handler                              0x08002947   Thumb Code     2  stm32f4xx_it.o(i.NMI_Handler)
    OLED_Clear                               0x08002949   Thumb Code    34  oled.o(i.OLED_Clear)
    OLED_ClearArea                           0x08002971   Thumb Code    86  oled.o(i.OLED_ClearArea)
    OLED_GPIO_Init                           0x080029cd   Thumb Code    84  oled.o(i.OLED_GPIO_Init)
    OLED_I2C_SendByte                        0x08002a29   Thumb Code    58  oled.o(i.OLED_I2C_SendByte)
    OLED_I2C_Start                           0x08002a63   Thumb Code    30  oled.o(i.OLED_I2C_Start)
    OLED_I2C_Stop                            0x08002a81   Thumb Code    24  oled.o(i.OLED_I2C_Stop)
    OLED_Init                                0x08002a99   Thumb Code   156  oled.o(i.OLED_Init)
    OLED_Pow                                 0x08002b35   Thumb Code    14  oled.o(i.OLED_Pow)
    OLED_SetCursor                           0x08002b43   Thumb Code    36  oled.o(i.OLED_SetCursor)
    OLED_ShowChar                            0x08002b69   Thumb Code    52  oled.o(i.OLED_ShowChar)
    OLED_ShowChinese                         0x08002ba5   Thumb Code   132  oled.o(i.OLED_ShowChinese)
    OLED_ShowImage                           0x08002c31   Thumb Code   186  oled.o(i.OLED_ShowImage)
    OLED_ShowNum                             0x08002cf1   Thumb Code    70  oled.o(i.OLED_ShowNum)
    OLED_ShowString                          0x08002d37   Thumb Code    44  oled.o(i.OLED_ShowString)
    OLED_Task                                0x08002d65   Thumb Code   268  mytask.o(i.OLED_Task)
    OLED_Update                              0x08002eb1   Thumb Code    34  oled.o(i.OLED_Update)
    OLED_W_SCL                               0x08002ed9   Thumb Code    22  oled.o(i.OLED_W_SCL)
    OLED_W_SDA                               0x08002ef5   Thumb Code    22  oled.o(i.OLED_W_SDA)
    OLED_WriteCommand                        0x08002f11   Thumb Code    34  oled.o(i.OLED_WriteCommand)
    OLED_WriteData                           0x08002f33   Thumb Code    48  oled.o(i.OLED_WriteData)
    Start_Task                               0x08002f65   Thumb Code    92  mytask.o(i.Start_Task)
    SysTick_Handler                          0x08003009   Thumb Code    20  stm32f4xx_it.o(i.SysTick_Handler)
    SystemClock_Config                       0x0800301d   Thumb Code   142  main.o(i.SystemClock_Config)
    SystemInit                               0x080030b5   Thumb Code    12  system_stm32f4xx.o(i.SystemInit)
    TIM7_IRQHandler                          0x080030c5   Thumb Code     6  stm32f4xx_it.o(i.TIM7_IRQHandler)
    TIM_Base_SetConfig                       0x080030d1   Thumb Code   164  stm32f4xx_hal_tim.o(i.TIM_Base_SetConfig)
    UART_Start_Receive_IT                    0x080033cd   Thumb Code    54  stm32f4xx_hal_uart.o(i.UART_Start_Receive_IT)
    USART2_IRQHandler                        0x08003475   Thumb Code     6  stm32f4xx_it.o(i.USART2_IRQHandler)
    USART2_ReceiveStart                      0x08003481   Thumb Code    10  usart.o(i.USART2_ReceiveStart)
    UsageFault_Handler                       0x08003495   Thumb Code     2  stm32f4xx_it.o(i.UsageFault_Handler)
    __0printf                                0x08003499   Thumb Code    22  printfa.o(i.__0printf)
    __1printf                                0x08003499   Thumb Code     0  printfa.o(i.__0printf)
    __2printf                                0x08003499   Thumb Code     0  printfa.o(i.__0printf)
    __c89printf                              0x08003499   Thumb Code     0  printfa.o(i.__0printf)
    printf                                   0x08003499   Thumb Code     0  printfa.o(i.__0printf)
    __scatterload_copy                       0x080034d9   Thumb Code    14  handlers.o(i.__scatterload_copy)
    __scatterload_null                       0x080034e7   Thumb Code     2  handlers.o(i.__scatterload_null)
    __scatterload_zeroinit                   0x080034e9   Thumb Code    14  handlers.o(i.__scatterload_zeroinit)
    bh_data_read                             0x08003d85   Thumb Code    50  bh1750.o(i.bh_data_read)
    bh_data_send                             0x08003dc5   Thumb Code    24  bh1750.o(i.bh_data_send)
    delay_us                                 0x08003de1   Thumb Code    20  tim.o(i.delay_us)
    fputc                                    0x08003df9   Thumb Code    20  usart.o(i.fputc)
    main                                     0x08003e1d   Thumb Code    72  main.o(i.main)
    pvPortMalloc                             0x0800459d   Thumb Code   188  heap_4.o(i.pvPortMalloc)
    pvTaskIncrementMutexHeldCount            0x0800465d   Thumb Code    18  tasks.o(i.pvTaskIncrementMutexHeldCount)
    pxPortInitialiseStack                    0x08004675   Thumb Code    40  port.o(i.pxPortInitialiseStack)
    uxListRemove                             0x080046a1   Thumb Code    38  list.o(i.uxListRemove)
    vListInitialise                          0x080046c7   Thumb Code    22  list.o(i.vListInitialise)
    vListInitialiseItem                      0x080046dd   Thumb Code     6  list.o(i.vListInitialiseItem)
    vListInsert                              0x080046e3   Thumb Code    48  list.o(i.vListInsert)
    vListInsertEnd                           0x08004713   Thumb Code    24  list.o(i.vListInsertEnd)
    vPortEnterCritical                       0x0800472d   Thumb Code    54  port.o(i.vPortEnterCritical)
    vPortExitCritical                        0x0800476d   Thumb Code    34  port.o(i.vPortExitCritical)
    vPortFree                                0x08004795   Thumb Code    94  heap_4.o(i.vPortFree)
    vPortSetupTimerInterrupt                 0x080047f9   Thumb Code    32  port.o(i.vPortSetupTimerInterrupt)
    vQueueAddToRegistry                      0x0800481d   Thumb Code    74  queue.o(i.vQueueAddToRegistry)
    vQueueWaitForMessageRestricted           0x0800486d   Thumb Code    68  queue.o(i.vQueueWaitForMessageRestricted)
    vTaskDelay                               0x080048b1   Thumb Code    66  tasks.o(i.vTaskDelay)
    vTaskDelete                              0x080048fd   Thumb Code   164  tasks.o(i.vTaskDelete)
    vTaskInternalSetTimeOutState             0x080049ad   Thumb Code    12  tasks.o(i.vTaskInternalSetTimeOutState)
    vTaskMissedYield                         0x080049bd   Thumb Code     8  tasks.o(i.vTaskMissedYield)
    vTaskPlaceOnEventList                    0x080049c9   Thumb Code    44  tasks.o(i.vTaskPlaceOnEventList)
    vTaskPlaceOnEventListRestricted          0x080049f9   Thumb Code    76  tasks.o(i.vTaskPlaceOnEventListRestricted)
    vTaskPriorityDisinheritAfterTimeout      0x08004a49   Thumb Code   186  tasks.o(i.vTaskPriorityDisinheritAfterTimeout)
    vTaskStartScheduler                      0x08004b0d   Thumb Code    94  tasks.o(i.vTaskStartScheduler)
    vTaskSuspendAll                          0x08004b7d   Thumb Code    10  tasks.o(i.vTaskSuspendAll)
    vTaskSwitchContext                       0x08004b8d   Thumb Code    82  tasks.o(i.vTaskSwitchContext)
    xPortStartScheduler                      0x08004be9   Thumb Code   222  port.o(i.xPortStartScheduler)
    xPortSysTickHandler                      0x08004cdd   Thumb Code    38  port.o(i.xPortSysTickHandler)
    xQueueCreateMutex                        0x08004d09   Thumb Code    36  queue.o(i.xQueueCreateMutex)
    xQueueGenericCreate                      0x08004d2d   Thumb Code    94  queue.o(i.xQueueGenericCreate)
    xQueueGenericReset                       0x08004d8d   Thumb Code   172  queue.o(i.xQueueGenericReset)
    xQueueGenericSend                        0x08004e3d   Thumb Code   346  queue.o(i.xQueueGenericSend)
    xQueueReceive                            0x08004f9d   Thumb Code   308  queue.o(i.xQueueReceive)
    xQueueSemaphoreTake                      0x080050d5   Thumb Code   356  queue.o(i.xQueueSemaphoreTake)
    xTaskCheckForTimeOut                     0x0800523d   Thumb Code   118  tasks.o(i.xTaskCheckForTimeOut)
    xTaskCreate                              0x080052b9   Thumb Code    92  tasks.o(i.xTaskCreate)
    xTaskGetSchedulerState                   0x08005315   Thumb Code    22  tasks.o(i.xTaskGetSchedulerState)
    xTaskGetTickCount                        0x08005331   Thumb Code     6  tasks.o(i.xTaskGetTickCount)
    xTaskIncrementTick                       0x0800533d   Thumb Code   304  tasks.o(i.xTaskIncrementTick)
    xTaskPriorityDisinherit                  0x08005475   Thumb Code   174  tasks.o(i.xTaskPriorityDisinherit)
    xTaskPriorityInherit                     0x0800552d   Thumb Code   168  tasks.o(i.xTaskPriorityInherit)
    xTaskRemoveFromEventList                 0x080055dd   Thumb Code   210  tasks.o(i.xTaskRemoveFromEventList)
    xTaskResumeAll                           0x080056b9   Thumb Code   286  tasks.o(i.xTaskResumeAll)
    xTimerCreateTimerTask                    0x080057e5   Thumb Code    58  timers.o(i.xTimerCreateTimerTask)
    AHBPrescTable                            0x08005830   Data          16  system_stm32f4xx.o(.constdata)
    APBPrescTable                            0x08005840   Data           8  system_stm32f4xx.o(.constdata)
    OLED_F8x16                               0x08005848   Data        1520  oled_data.o(.constdata)
    OLED_F6x8                                0x08005e38   Data         570  oled_data.o(.constdata)
    OLED_CF16x16                             0x08006072   Data         735  oled_data.o(.constdata)
    Region$$Table$$Base                      0x08006354   Number         0  anon$$obj.o(Region$$Table)
    Region$$Table$$Limit                     0x08006374   Number         0  anon$$obj.o(Region$$Table)
    Usart2_RxFlag                            0x20000000   Data           1  usart.o(.data)
    Usart2_RxData                            0x20000003   Data           1  usart.o(.data)
    uwTickFreq                               0x20000004   Data           1  stm32f4xx_hal.o(.data)
    uwTickPrio                               0x20000008   Data           4  stm32f4xx_hal.o(.data)
    uwTick                                   0x2000000c   Data           4  stm32f4xx_hal.o(.data)
    SystemCoreClock                          0x20000010   Data           4  system_stm32f4xx.o(.data)
    pxCurrentTCB                             0x20000014   Data           4  tasks.o(.data)
    uxTopUsedPriority                        0x20000044   Data           4  tasks.o(.data)
    g_sensor_mutex                           0x20000090   Data           4  mytask.o(.data)
    start_task_handler                       0x20000094   Data           4  mytask.o(.data)
    BH1750_Task_handler                      0x20000098   Data           4  mytask.o(.data)
    DHT11_Task_handler                       0x2000009c   Data           4  mytask.o(.data)
    BLUETOOTH_Task_handler                   0x200000a0   Data           4  mytask.o(.data)
    OLED_Task_handler                        0x200000a4   Data           4  mytask.o(.data)
    g_sensor_data                            0x200000a8   Data           6  mytask.o(.data)
    __stdout                                 0x200000b4   Data           4  stdout.o(.data)
    hi2c1                                    0x200000b8   Data          84  i2c.o(.bss)
    htim6                                    0x2000010c   Data          72  tim.o(.bss)
    Usart2_RxPacket                          0x20000154   Data          50  usart.o(.bss)
    huart2                                   0x20000188   Data          72  usart.o(.bss)
    htim7                                    0x200001d0   Data          72  stm32f4xx_hal_timebase_tim.o(.bss)
    OLED_DisplayBuf                          0x20000218   Data        1024  oled.o(.bss)
    xQueueRegistry                           0x20000618   Data          64  queue.o(.bss)
    __initial_sp                             0x20013748   Data           0  startup_stm32f407xx.o(STACK)



==============================================================================

Memory Map of the image

  Image Entry point : 0x08000189

  Load Region LR_IROM1 (Base: 0x08000000, Size: 0x0000642c, Max: 0x00100000, ABSOLUTE)

    Execution Region ER_IROM1 (Exec base: 0x08000000, Load base: 0x08000000, Size: 0x00006374, Max: 0x00100000, ABSOLUTE)

    Exec Addr    Load Addr    Size         Type   Attr      Idx    E Section Name        Object

    0x08000000   0x08000000   0x00000188   Data   RO            3    RESET               startup_stm32f407xx.o
    0x08000188   0x08000188   0x00000000   Code   RO         5249  * .ARM.Collect$$$$00000000  mc_w.l(entry.o)
    0x08000188   0x08000188   0x00000004   Code   RO         5588    .ARM.Collect$$$$00000001  mc_w.l(entry2.o)
    0x0800018c   0x0800018c   0x00000004   Code   RO         5591    .ARM.Collect$$$$00000004  mc_w.l(entry5.o)
    0x08000190   0x08000190   0x00000000   Code   RO         5593    .ARM.Collect$$$$00000008  mc_w.l(entry7b.o)
    0x08000190   0x08000190   0x00000000   Code   RO         5595    .ARM.Collect$$$$0000000A  mc_w.l(entry8b.o)
    0x08000190   0x08000190   0x00000008   Code   RO         5596    .ARM.Collect$$$$0000000B  mc_w.l(entry9a.o)
    0x08000198   0x08000198   0x00000004   Code   RO         5603    .ARM.Collect$$$$0000000E  mc_w.l(entry12b.o)
    0x0800019c   0x0800019c   0x00000000   Code   RO         5598    .ARM.Collect$$$$0000000F  mc_w.l(entry10a.o)
    0x0800019c   0x0800019c   0x00000000   Code   RO         5600    .ARM.Collect$$$$00000011  mc_w.l(entry11a.o)
    0x0800019c   0x0800019c   0x00000004   Code   RO         5589    .ARM.Collect$$$$00002712  mc_w.l(entry2.o)
    0x080001a0   0x080001a0   0x000000be   Code   RO         5015    .emb_text           port.o
    0x0800025e   0x0800025e   0x00000002   PAD
    0x08000260   0x08000260   0x00000024   Code   RO            4    .text               startup_stm32f407xx.o
    0x08000284   0x08000284   0x00000062   Code   RO         5252    .text               mc_w.l(uldiv.o)
    0x080002e6   0x080002e6   0x00000024   Code   RO         5254    .text               mc_w.l(memcpya.o)
    0x0800030a   0x0800030a   0x00000024   Code   RO         5258    .text               mc_w.l(memseta.o)
    0x0800032e   0x0800032e   0x0000001c   Code   RO         5260    .text               mc_w.l(strcmp.o)
    0x0800034a   0x0800034a   0x00000002   PAD
    0x0800034c   0x0800034c   0x00000044   Code   RO         5262    .text               mc_w.l(strtok.o)
    0x08000390   0x08000390   0x0000014e   Code   RO         5531    .text               mf_w.l(dadd.o)
    0x080004de   0x080004de   0x000000e4   Code   RO         5533    .text               mf_w.l(dmul.o)
    0x080005c2   0x080005c2   0x000000de   Code   RO         5535    .text               mf_w.l(ddiv.o)
    0x080006a0   0x080006a0   0x0000001a   Code   RO         5541    .text               mf_w.l(dfltui.o)
    0x080006ba   0x080006ba   0x00000032   Code   RO         5545    .text               mf_w.l(dfixui.o)
    0x080006ec   0x080006ec   0x00000030   Code   RO         5549    .text               mf_w.l(cdrcmple.o)
    0x0800071c   0x0800071c   0x0000002c   Code   RO         5605    .text               mc_w.l(uidiv.o)
    0x08000748   0x08000748   0x0000001e   Code   RO         5607    .text               mc_w.l(llshl.o)
    0x08000766   0x08000766   0x00000020   Code   RO         5609    .text               mc_w.l(llushr.o)
    0x08000786   0x08000786   0x00000024   Code   RO         5611    .text               mc_w.l(llsshr.o)
    0x080007aa   0x080007aa   0x00000000   Code   RO         5620    .text               mc_w.l(iusefp.o)
    0x080007aa   0x080007aa   0x000000ba   Code   RO         5623    .text               mf_w.l(depilogue.o)
    0x08000864   0x08000864   0x00000030   Code   RO         5627    .text               mf_w.l(dfixul.o)
    0x08000894   0x08000894   0x00000024   Code   RO         5633    .text               mc_w.l(init.o)
    0x080008b8   0x080008b8   0x0000001e   Code   RO         3872    i.BH1750_Init       bh1750.o
    0x080008d6   0x080008d6   0x00000002   PAD
    0x080008d8   0x080008d8   0x00000034   Code   RO         5156    i.BH1750_Task       mytask.o
    0x0800090c   0x0800090c   0x0000000c   Code   RO         5157    i.BLUETOOTH_Task    mytask.o
    0x08000918   0x08000918   0x00000130   Code   RO         3911    i.BlueThooth_Function  bluetooth.o
    0x08000a48   0x08000a48   0x00000002   Code   RO          389    i.BusFault_Handler  stm32f4xx_it.o
    0x08000a4a   0x08000a4a   0x00000002   PAD
    0x08000a4c   0x08000a4c   0x0000005c   Code   RO         3941    i.DHT11_Check       dht11.o
    0x08000aa8   0x08000aa8   0x00000048   Code   RO         3942    i.DHT11_Init        dht11.o
    0x08000af0   0x08000af0   0x00000020   Code   RO         3943    i.DHT11_Mode        dht11.o
    0x08000b10   0x08000b10   0x00000058   Code   RO         3944    i.DHT11_Read_Bit    dht11.o
    0x08000b68   0x08000b68   0x0000001a   Code   RO         3945    i.DHT11_Read_Byte   dht11.o
    0x08000b82   0x08000b82   0x00000002   PAD
    0x08000b84   0x08000b84   0x00000058   Code   RO         3946    i.DHT11_Read_Data   dht11.o
    0x08000bdc   0x08000bdc   0x00000034   Code   RO         3947    i.DHT11_Rst         dht11.o
    0x08000c10   0x08000c10   0x00000058   Code   RO         5158    i.DHT11_Task        mytask.o
    0x08000c68   0x08000c68   0x00000002   Code   RO          390    i.DebugMon_Handler  stm32f4xx_it.o
    0x08000c6a   0x08000c6a   0x00000004   Code   RO           13    i.Error_Handler     main.o
    0x08000c6e   0x08000c6e   0x00000002   PAD
    0x08000c70   0x08000c70   0x00000050   Code   RO         5159    i.FreeRTOS_Start    mytask.o
    0x08000cc0   0x08000cc0   0x00000092   Code   RO         2418    i.HAL_DMA_Abort     stm32f4xx_hal_dma.o
    0x08000d52   0x08000d52   0x00000024   Code   RO         2419    i.HAL_DMA_Abort_IT  stm32f4xx_hal_dma.o
    0x08000d76   0x08000d76   0x00000002   PAD
    0x08000d78   0x08000d78   0x00000024   Code   RO         2855    i.HAL_Delay         stm32f4xx_hal.o
    0x08000d9c   0x08000d9c   0x000001f0   Code   RO         2311    i.HAL_GPIO_Init     stm32f4xx_hal_gpio.o
    0x08000f8c   0x08000f8c   0x0000000a   Code   RO         2313    i.HAL_GPIO_ReadPin  stm32f4xx_hal_gpio.o
    0x08000f96   0x08000f96   0x0000000a   Code   RO         2315    i.HAL_GPIO_WritePin  stm32f4xx_hal_gpio.o
    0x08000fa0   0x08000fa0   0x0000000c   Code   RO         2861    i.HAL_GetTick       stm32f4xx_hal.o
    0x08000fac   0x08000fac   0x00000188   Code   RO         1512    i.HAL_I2C_Init      stm32f4xx_hal_i2c.o
    0x08001134   0x08001134   0x000001f0   Code   RO         1518    i.HAL_I2C_Master_Receive  stm32f4xx_hal_i2c.o
    0x08001324   0x08001324   0x0000012c   Code   RO         1525    i.HAL_I2C_Master_Transmit  stm32f4xx_hal_i2c.o
    0x08001450   0x08001450   0x00000068   Code   RO          239    i.HAL_I2C_MspInit   i2c.o
    0x080014b8   0x080014b8   0x00000010   Code   RO         2867    i.HAL_IncTick       stm32f4xx_hal.o
    0x080014c8   0x080014c8   0x00000034   Code   RO         2868    i.HAL_Init          stm32f4xx_hal.o
    0x080014fc   0x080014fc   0x00000098   Code   RO          489    i.HAL_InitTick      stm32f4xx_hal_timebase_tim.o
    0x08001594   0x08001594   0x00000030   Code   RO          465    i.HAL_MspInit       stm32f4xx_hal_msp.o
    0x080015c4   0x080015c4   0x0000001a   Code   RO         2703    i.HAL_NVIC_EnableIRQ  stm32f4xx_hal_cortex.o
    0x080015de   0x080015de   0x00000002   PAD
    0x080015e0   0x080015e0   0x00000040   Code   RO         2709    i.HAL_NVIC_SetPriority  stm32f4xx_hal_cortex.o
    0x08001620   0x08001620   0x00000024   Code   RO         2710    i.HAL_NVIC_SetPriorityGrouping  stm32f4xx_hal_cortex.o
    0x08001644   0x08001644   0x00000134   Code   RO         1957    i.HAL_RCC_ClockConfig  stm32f4xx_hal_rcc.o
    0x08001778   0x08001778   0x00000040   Code   RO         1961    i.HAL_RCC_GetClockConfig  stm32f4xx_hal_rcc.o
    0x080017b8   0x080017b8   0x00000020   Code   RO         1964    i.HAL_RCC_GetPCLK1Freq  stm32f4xx_hal_rcc.o
    0x080017d8   0x080017d8   0x00000020   Code   RO         1965    i.HAL_RCC_GetPCLK2Freq  stm32f4xx_hal_rcc.o
    0x080017f8   0x080017f8   0x00000064   Code   RO         1966    i.HAL_RCC_GetSysClockFreq  stm32f4xx_hal_rcc.o
    0x0800185c   0x0800185c   0x0000036c   Code   RO         1969    i.HAL_RCC_OscConfig  stm32f4xx_hal_rcc.o
    0x08001bc8   0x08001bc8   0x00000002   Code   RO         1234    i.HAL_TIMEx_BreakCallback  stm32f4xx_hal_tim_ex.o
    0x08001bca   0x08001bca   0x00000002   Code   RO         1235    i.HAL_TIMEx_CommutCallback  stm32f4xx_hal_tim_ex.o
    0x08001bcc   0x08001bcc   0x00000090   Code   RO         1253    i.HAL_TIMEx_MasterConfigSynchronization  stm32f4xx_hal_tim_ex.o
    0x08001c5c   0x08001c5c   0x0000005a   Code   RO          530    i.HAL_TIM_Base_Init  stm32f4xx_hal_tim.o
    0x08001cb6   0x08001cb6   0x00000002   PAD
    0x08001cb8   0x08001cb8   0x00000028   Code   RO          281    i.HAL_TIM_Base_MspInit  tim.o
    0x08001ce0   0x08001ce0   0x00000078   Code   RO          533    i.HAL_TIM_Base_Start  stm32f4xx_hal_tim.o
    0x08001d58   0x08001d58   0x00000080   Code   RO          535    i.HAL_TIM_Base_Start_IT  stm32f4xx_hal_tim.o
    0x08001dd8   0x08001dd8   0x00000002   Code   RO          564    i.HAL_TIM_IC_CaptureCallback  stm32f4xx_hal_tim.o
    0x08001dda   0x08001dda   0x00000130   Code   RO          578    i.HAL_TIM_IRQHandler  stm32f4xx_hal_tim.o
    0x08001f0a   0x08001f0a   0x00000002   Code   RO          581    i.HAL_TIM_OC_DelayElapsedCallback  stm32f4xx_hal_tim.o
    0x08001f0c   0x08001f0c   0x00000002   Code   RO          608    i.HAL_TIM_PWM_PulseFinishedCallback  stm32f4xx_hal_tim.o
    0x08001f0e   0x08001f0e   0x00000002   PAD
    0x08001f10   0x08001f10   0x00000014   Code   RO           14    i.HAL_TIM_PeriodElapsedCallback  main.o
    0x08001f24   0x08001f24   0x00000002   Code   RO          621    i.HAL_TIM_TriggerCallback  stm32f4xx_hal_tim.o
    0x08001f26   0x08001f26   0x00000002   Code   RO         3118    i.HAL_UARTEx_RxEventCallback  stm32f4xx_hal_uart.o
    0x08001f28   0x08001f28   0x00000002   Code   RO         3132    i.HAL_UART_ErrorCallback  stm32f4xx_hal_uart.o
    0x08001f2a   0x08001f2a   0x00000002   PAD
    0x08001f2c   0x08001f2c   0x00000280   Code   RO         3135    i.HAL_UART_IRQHandler  stm32f4xx_hal_uart.o
    0x080021ac   0x080021ac   0x00000064   Code   RO         3136    i.HAL_UART_Init     stm32f4xx_hal_uart.o
    0x08002210   0x08002210   0x00000078   Code   RO          329    i.HAL_UART_MspInit  usart.o
    0x08002288   0x08002288   0x0000001c   Code   RO         3141    i.HAL_UART_Receive_IT  stm32f4xx_hal_uart.o
    0x080022a4   0x080022a4   0x00000064   Code   RO          330    i.HAL_UART_RxCpltCallback  usart.o
    0x08002308   0x08002308   0x000000a0   Code   RO         3144    i.HAL_UART_Transmit  stm32f4xx_hal_uart.o
    0x080023a8   0x080023a8   0x00000002   Code   RO         3147    i.HAL_UART_TxCpltCallback  stm32f4xx_hal_uart.o
    0x080023aa   0x080023aa   0x00000002   Code   RO          391    i.HardFault_Handler  stm32f4xx_it.o
    0x080023ac   0x080023ac   0x0000002e   Code   RO         1555    i.I2C_IsAcknowledgeFailed  stm32f4xx_hal_i2c.o
    0x080023da   0x080023da   0x00000002   PAD
    0x080023dc   0x080023dc   0x000000ec   Code   RO         1558    i.I2C_MasterRequestRead  stm32f4xx_hal_i2c.o
    0x080024c8   0x080024c8   0x0000009c   Code   RO         1559    i.I2C_MasterRequestWrite  stm32f4xx_hal_i2c.o
    0x08002564   0x08002564   0x00000056   Code   RO         1570    i.I2C_WaitOnBTFFlagUntilTimeout  stm32f4xx_hal_i2c.o
    0x080025ba   0x080025ba   0x00000002   PAD
    0x080025bc   0x080025bc   0x00000090   Code   RO         1571    i.I2C_WaitOnFlagUntilTimeout  stm32f4xx_hal_i2c.o
    0x0800264c   0x0800264c   0x000000bc   Code   RO         1572    i.I2C_WaitOnMasterAddressFlagUntilTimeout  stm32f4xx_hal_i2c.o
    0x08002708   0x08002708   0x00000070   Code   RO         1573    i.I2C_WaitOnRXNEFlagUntilTimeout  stm32f4xx_hal_i2c.o
    0x08002778   0x08002778   0x00000056   Code   RO         1574    i.I2C_WaitOnTXEFlagUntilTimeout  stm32f4xx_hal_i2c.o
    0x080027ce   0x080027ce   0x00000002   PAD
    0x080027d0   0x080027d0   0x000000b8   Code   RO          214    i.MX_GPIO_Init      gpio.o
    0x08002888   0x08002888   0x00000040   Code   RO          240    i.MX_I2C1_Init      i2c.o
    0x080028c8   0x080028c8   0x00000044   Code   RO          282    i.MX_TIM6_Init      tim.o
    0x0800290c   0x0800290c   0x00000038   Code   RO          331    i.MX_USART2_UART_Init  usart.o
    0x08002944   0x08002944   0x00000002   Code   RO          392    i.MemManage_Handler  stm32f4xx_it.o
    0x08002946   0x08002946   0x00000002   Code   RO          393    i.NMI_Handler       stm32f4xx_it.o
    0x08002948   0x08002948   0x00000028   Code   RO         3597    i.OLED_Clear        oled.o
    0x08002970   0x08002970   0x0000005c   Code   RO         3598    i.OLED_ClearArea    oled.o
    0x080029cc   0x080029cc   0x0000005c   Code   RO         3606    i.OLED_GPIO_Init    oled.o
    0x08002a28   0x08002a28   0x0000003a   Code   RO         3608    i.OLED_I2C_SendByte  oled.o
    0x08002a62   0x08002a62   0x0000001e   Code   RO         3609    i.OLED_I2C_Start    oled.o
    0x08002a80   0x08002a80   0x00000018   Code   RO         3610    i.OLED_I2C_Stop     oled.o
    0x08002a98   0x08002a98   0x0000009c   Code   RO         3611    i.OLED_Init         oled.o
    0x08002b34   0x08002b34   0x0000000e   Code   RO         3613    i.OLED_Pow          oled.o
    0x08002b42   0x08002b42   0x00000024   Code   RO         3617    i.OLED_SetCursor    oled.o
    0x08002b66   0x08002b66   0x00000002   PAD
    0x08002b68   0x08002b68   0x0000003c   Code   RO         3619    i.OLED_ShowChar     oled.o
    0x08002ba4   0x08002ba4   0x0000008c   Code   RO         3620    i.OLED_ShowChinese  oled.o
    0x08002c30   0x08002c30   0x000000c0   Code   RO         3623    i.OLED_ShowImage    oled.o
    0x08002cf0   0x08002cf0   0x00000046   Code   RO         3624    i.OLED_ShowNum      oled.o
    0x08002d36   0x08002d36   0x0000002c   Code   RO         3626    i.OLED_ShowString   oled.o
    0x08002d62   0x08002d62   0x00000002   PAD
    0x08002d64   0x08002d64   0x0000014c   Code   RO         5160    i.OLED_Task         mytask.o
    0x08002eb0   0x08002eb0   0x00000028   Code   RO         3627    i.OLED_Update       oled.o
    0x08002ed8   0x08002ed8   0x0000001c   Code   RO         3629    i.OLED_W_SCL        oled.o
    0x08002ef4   0x08002ef4   0x0000001c   Code   RO         3630    i.OLED_W_SDA        oled.o
    0x08002f10   0x08002f10   0x00000022   Code   RO         3631    i.OLED_WriteCommand  oled.o
    0x08002f32   0x08002f32   0x00000030   Code   RO         3632    i.OLED_WriteData    oled.o
    0x08002f62   0x08002f62   0x00000002   PAD
    0x08002f64   0x08002f64   0x000000a4   Code   RO         5161    i.Start_Task        mytask.o
    0x08003008   0x08003008   0x00000014   Code   RO          394    i.SysTick_Handler   stm32f4xx_it.o
    0x0800301c   0x0800301c   0x00000098   Code   RO           15    i.SystemClock_Config  main.o
    0x080030b4   0x080030b4   0x00000010   Code   RO         3470    i.SystemInit        system_stm32f4xx.o
    0x080030c4   0x080030c4   0x0000000c   Code   RO          395    i.TIM7_IRQHandler   stm32f4xx_it.o
    0x080030d0   0x080030d0   0x000000d0   Code   RO          623    i.TIM_Base_SetConfig  stm32f4xx_hal_tim.o
    0x080031a0   0x080031a0   0x0000000e   Code   RO         3149    i.UART_DMAAbortOnError  stm32f4xx_hal_uart.o
    0x080031ae   0x080031ae   0x0000004e   Code   RO         3159    i.UART_EndRxTransfer  stm32f4xx_hal_uart.o
    0x080031fc   0x080031fc   0x000000c2   Code   RO         3161    i.UART_Receive_IT   stm32f4xx_hal_uart.o
    0x080032be   0x080032be   0x00000002   PAD
    0x080032c0   0x080032c0   0x0000010c   Code   RO         3162    i.UART_SetConfig    stm32f4xx_hal_uart.o
    0x080033cc   0x080033cc   0x00000036   Code   RO         3164    i.UART_Start_Receive_IT  stm32f4xx_hal_uart.o
    0x08003402   0x08003402   0x00000072   Code   RO         3165    i.UART_WaitOnFlagUntilTimeout  stm32f4xx_hal_uart.o
    0x08003474   0x08003474   0x0000000c   Code   RO          396    i.USART2_IRQHandler  stm32f4xx_it.o
    0x08003480   0x08003480   0x00000014   Code   RO          332    i.USART2_ReceiveStart  usart.o
    0x08003494   0x08003494   0x00000002   Code   RO          397    i.UsageFault_Handler  stm32f4xx_it.o
    0x08003496   0x08003496   0x00000002   PAD
    0x08003498   0x08003498   0x00000020   Code   RO         5503    i.__0printf         mc_w.l(printfa.o)
    0x080034b8   0x080034b8   0x00000020   Code   RO         2716    i.__NVIC_SetPriority  stm32f4xx_hal_cortex.o
    0x080034d8   0x080034d8   0x0000000e   Code   RO         5637    i.__scatterload_copy  mc_w.l(handlers.o)
    0x080034e6   0x080034e6   0x00000002   Code   RO         5638    i.__scatterload_null  mc_w.l(handlers.o)
    0x080034e8   0x080034e8   0x0000000e   Code   RO         5639    i.__scatterload_zeroinit  mc_w.l(handlers.o)
    0x080034f6   0x080034f6   0x00000002   PAD
    0x080034f8   0x080034f8   0x00000184   Code   RO         5510    i._fp_digits        mc_w.l(printfa.o)
    0x0800367c   0x0800367c   0x000006b4   Code   RO         5511    i._printf_core      mc_w.l(printfa.o)
    0x08003d30   0x08003d30   0x00000024   Code   RO         5512    i._printf_post_padding  mc_w.l(printfa.o)
    0x08003d54   0x08003d54   0x0000002e   Code   RO         5513    i._printf_pre_padding  mc_w.l(printfa.o)
    0x08003d82   0x08003d82   0x00000002   PAD
    0x08003d84   0x08003d84   0x00000040   Code   RO         3873    i.bh_data_read      bh1750.o
    0x08003dc4   0x08003dc4   0x0000001c   Code   RO         3874    i.bh_data_send      bh1750.o
    0x08003de0   0x08003de0   0x00000018   Code   RO          283    i.delay_us          tim.o
    0x08003df8   0x08003df8   0x00000018   Code   RO          333    i.fputc             usart.o
    0x08003e10   0x08003e10   0x0000000c   Code   RO         3634    i.i2c_Delay         oled.o
    0x08003e1c   0x08003e1c   0x00000050   Code   RO           16    i.main              main.o
    0x08003e6c   0x08003e6c   0x00000088   Code   RO         4514    i.prvAddCurrentTaskToDelayedList  tasks.o
    0x08003ef4   0x08003ef4   0x000000f0   Code   RO         4515    i.prvAddNewTaskToReadyList  tasks.o
    0x08003fe4   0x08003fe4   0x00000050   Code   RO         4862    i.prvCheckForValidListAndQueue  timers.o
    0x08004034   0x08004034   0x00000026   Code   RO         4157    i.prvCopyDataFromQueue  queue.o
    0x0800405a   0x0800405a   0x0000006c   Code   RO         4158    i.prvCopyDataToQueue  queue.o
    0x080040c6   0x080040c6   0x00000014   Code   RO         4516    i.prvDeleteTCB      tasks.o
    0x080040da   0x080040da   0x00000002   PAD
    0x080040dc   0x080040dc   0x00000044   Code   RO         5092    i.prvHeapInit       heap_4.o
    0x08004120   0x08004120   0x00000060   Code   RO         4517    i.prvIdleTask       tasks.o
    0x08004180   0x08004180   0x000000a6   Code   RO         4518    i.prvInitialiseNewTask  tasks.o
    0x08004226   0x08004226   0x00000002   PAD
    0x08004228   0x08004228   0x0000004c   Code   RO         5093    i.prvInsertBlockIntoFreeList  heap_4.o
    0x08004274   0x08004274   0x00000038   Code   RO         4863    i.prvInsertTimerInActiveList  timers.o
    0x080042ac   0x080042ac   0x0000001c   Code   RO         4159    i.prvIsQueueEmpty   queue.o
    0x080042c8   0x080042c8   0x00000040   Code   RO         4864    i.prvProcessExpiredTimer  timers.o
    0x08004308   0x08004308   0x000000e4   Code   RO         4865    i.prvProcessReceivedCommands  timers.o
    0x080043ec   0x080043ec   0x0000006c   Code   RO         4866    i.prvProcessTimerOrBlockTask  timers.o
    0x08004458   0x08004458   0x00000028   Code   RO         4867    i.prvReloadTimer    timers.o
    0x08004480   0x08004480   0x0000001c   Code   RO         4520    i.prvResetNextTaskUnblockTime  tasks.o
    0x0800449c   0x0800449c   0x00000048   Code   RO         4868    i.prvSampleTimeNow  timers.o
    0x080044e4   0x080044e4   0x00000028   Code   RO         5016    i.prvTaskExitError  port.o
    0x0800450c   0x0800450c   0x00000024   Code   RO         4869    i.prvTimerTask      timers.o
    0x08004530   0x08004530   0x0000006a   Code   RO         4160    i.prvUnlockQueue    queue.o
    0x0800459a   0x0800459a   0x00000002   PAD
    0x0800459c   0x0800459c   0x000000c0   Code   RO         5095    i.pvPortMalloc      heap_4.o
    0x0800465c   0x0800465c   0x00000018   Code   RO         4522    i.pvTaskIncrementMutexHeldCount  tasks.o
    0x08004674   0x08004674   0x0000002c   Code   RO         5017    i.pxPortInitialiseStack  port.o
    0x080046a0   0x080046a0   0x00000026   Code   RO         4117    i.uxListRemove      list.o
    0x080046c6   0x080046c6   0x00000016   Code   RO         4118    i.vListInitialise   list.o
    0x080046dc   0x080046dc   0x00000006   Code   RO         4119    i.vListInitialiseItem  list.o
    0x080046e2   0x080046e2   0x00000030   Code   RO         4120    i.vListInsert       list.o
    0x08004712   0x08004712   0x00000018   Code   RO         4121    i.vListInsertEnd    list.o
    0x0800472a   0x0800472a   0x00000002   PAD
    0x0800472c   0x0800472c   0x00000040   Code   RO         5019    i.vPortEnterCritical  port.o
    0x0800476c   0x0800476c   0x00000028   Code   RO         5020    i.vPortExitCritical  port.o
    0x08004794   0x08004794   0x00000064   Code   RO         5096    i.vPortFree         heap_4.o
    0x080047f8   0x080047f8   0x00000024   Code   RO         5021    i.vPortSetupTimerInterrupt  port.o
    0x0800481c   0x0800481c   0x00000050   Code   RO         4166    i.vQueueAddToRegistry  queue.o
    0x0800486c   0x0800486c   0x00000044   Code   RO         4170    i.vQueueWaitForMessageRestricted  queue.o
    0x080048b0   0x080048b0   0x0000004c   Code   RO         4531    i.vTaskDelay        tasks.o
    0x080048fc   0x080048fc   0x000000b0   Code   RO         4532    i.vTaskDelete       tasks.o
    0x080049ac   0x080049ac   0x00000010   Code   RO         4536    i.vTaskInternalSetTimeOutState  tasks.o
    0x080049bc   0x080049bc   0x0000000c   Code   RO         4537    i.vTaskMissedYield  tasks.o
    0x080049c8   0x080049c8   0x00000030   Code   RO         4538    i.vTaskPlaceOnEventList  tasks.o
    0x080049f8   0x080049f8   0x00000050   Code   RO         4539    i.vTaskPlaceOnEventListRestricted  tasks.o
    0x08004a48   0x08004a48   0x000000c4   Code   RO         4541    i.vTaskPriorityDisinheritAfterTimeout  tasks.o
    0x08004b0c   0x08004b0c   0x00000070   Code   RO         4547    i.vTaskStartScheduler  tasks.o
    0x08004b7c   0x08004b7c   0x00000010   Code   RO         4549    i.vTaskSuspendAll   tasks.o
    0x08004b8c   0x08004b8c   0x0000005c   Code   RO         4550    i.vTaskSwitchContext  tasks.o
    0x08004be8   0x08004be8   0x000000f4   Code   RO         5023    i.xPortStartScheduler  port.o
    0x08004cdc   0x08004cdc   0x0000002c   Code   RO         5024    i.xPortSysTickHandler  port.o
    0x08004d08   0x08004d08   0x00000024   Code   RO         4172    i.xQueueCreateMutex  queue.o
    0x08004d2c   0x08004d2c   0x0000005e   Code   RO         4173    i.xQueueGenericCreate  queue.o
    0x08004d8a   0x08004d8a   0x00000002   PAD
    0x08004d8c   0x08004d8c   0x000000b0   Code   RO         4174    i.xQueueGenericReset  queue.o
    0x08004e3c   0x08004e3c   0x00000160   Code   RO         4175    i.xQueueGenericSend  queue.o
    0x08004f9c   0x08004f9c   0x00000138   Code   RO         4183    i.xQueueReceive     queue.o
    0x080050d4   0x080050d4   0x00000168   Code   RO         4185    i.xQueueSemaphoreTake  queue.o
    0x0800523c   0x0800523c   0x0000007c   Code   RO         4552    i.xTaskCheckForTimeOut  tasks.o
    0x080052b8   0x080052b8   0x0000005c   Code   RO         4553    i.xTaskCreate       tasks.o
    0x08005314   0x08005314   0x0000001c   Code   RO         4560    i.xTaskGetSchedulerState  tasks.o
    0x08005330   0x08005330   0x0000000c   Code   RO         4561    i.xTaskGetTickCount  tasks.o
    0x0800533c   0x0800533c   0x00000138   Code   RO         4563    i.xTaskIncrementTick  tasks.o
    0x08005474   0x08005474   0x000000b8   Code   RO         4564    i.xTaskPriorityDisinherit  tasks.o
    0x0800552c   0x0800552c   0x000000b0   Code   RO         4565    i.xTaskPriorityInherit  tasks.o
    0x080055dc   0x080055dc   0x000000dc   Code   RO         4566    i.xTaskRemoveFromEventList  tasks.o
    0x080056b8   0x080056b8   0x0000012c   Code   RO         4567    i.xTaskResumeAll    tasks.o
    0x080057e4   0x080057e4   0x0000004c   Code   RO         4877    i.xTimerCreateTimerTask  timers.o
    0x08005830   0x08005830   0x00000010   Data   RO         3471    .constdata          system_stm32f4xx.o
    0x08005840   0x08005840   0x00000008   Data   RO         3472    .constdata          system_stm32f4xx.o
    0x08005848   0x08005848   0x000005f0   Data   RO         3854    .constdata          oled_data.o
    0x08005e38   0x08005e38   0x0000023a   Data   RO         3855    .constdata          oled_data.o
    0x08006072   0x08006072   0x000002df   Data   RO         3856    .constdata          oled_data.o
    0x08006351   0x08006351   0x00000003   PAD
    0x08006354   0x08006354   0x00000020   Data   RO         5635    Region$$Table       anon$$obj.o


    Execution Region RW_IRAM1 (Exec base: 0x20000000, Load base: 0x08006374, Size: 0x00013748, Max: 0x0001c000, ABSOLUTE)

    Exec Addr    Load Addr    Size         Type   Attr      Idx    E Section Name        Object

    0x20000000   0x08006374   0x00000004   Data   RW          335    .data               usart.o
    0x20000004   0x08006378   0x0000000c   Data   RW         2875    .data               stm32f4xx_hal.o
    0x20000010   0x08006384   0x00000004   Data   RW         3473    .data               system_stm32f4xx.o
    0x20000014   0x08006388   0x00000040   Data   RW         4570    .data               tasks.o
    0x20000054   0x080063c8   0x00000014   Data   RW         4885    .data               timers.o
    0x20000068   0x080063dc   0x0000000c   Data   RW         5025    .data               port.o
    0x20000074   0x080063e8   0x0000001c   Data   RW         5102    .data               heap_4.o
    0x20000090   0x08006404   0x0000001e   Data   RW         5162    .data               mytask.o
    0x200000ae   0x08006422   0x00000002   PAD
    0x200000b0   0x08006424   0x00000004   Data   RW         5263    .data               mc_w.l(strtok.o)
    0x200000b4   0x08006428   0x00000004   Data   RW         5604    .data               mc_w.l(stdout.o)
    0x200000b8        -       0x00000054   Zero   RW          241    .bss                i2c.o
    0x2000010c        -       0x00000048   Zero   RW          284    .bss                tim.o
    0x20000154        -       0x0000007c   Zero   RW          334    .bss                usart.o
    0x200001d0        -       0x00000048   Zero   RW          492    .bss                stm32f4xx_hal_timebase_tim.o
    0x20000218        -       0x00000400   Zero   RW         3635    .bss                oled.o
    0x20000618        -       0x00000040   Zero   RW         4187    .bss                queue.o
    0x20000658        -       0x000000c8   Zero   RW         4569    .bss                tasks.o
    0x20000720        -       0x00000028   Zero   RW         4884    .bss                timers.o
    0x20000748        -       0x00012c00   Zero   RW         5101    .bss                heap_4.o
    0x20013348        -       0x00000400   Zero   RW            1    STACK               startup_stm32f407xx.o


    Execution Region RW_IRAM2 (Exec base: 0x2001c000, Load base: 0x0800642c, Size: 0x00000000, Max: 0x00004000, ABSOLUTE)

    **** No section assigned to this execution region ****


==============================================================================

Image component sizes


      Code (inc. data)   RO Data    RW Data    ZI Data      Debug   Object Name

       122         18          0          0          0       1856   bh1750.o
       304        114          0          0          0        778   bluetooth.o
       450         30          0          0          0       4639   dht11.o
         0          0          0          0          0      14584   event_groups.o
       184         18          0          0          0       1015   gpio.o
       436         22          0         28      76800       5143   heap_4.o
       168         26          0          0         84       1701   i2c.o
       138          0          0          0          0       3294   list.o
       256         24          0          0          0     721815   main.o
       728        164          0         30          0       4260   mytask.o
      1238         60          0          0       1024      13210   oled.o
         0          0       2825          0          0       1082   oled_data.o
       702         72          0         12          0      10624   port.o
      1758         24          0          0         64      17293   queue.o
        36          8        392          0       1024        840   startup_stm32f407xx.o
       116         18          0         12          0       8758   stm32f4xx_hal.o
       158         14          0          0          0      33058   stm32f4xx_hal_cortex.o
       182          0          0          0          0       2115   stm32f4xx_hal_dma.o
       516         46          0          0          0       2879   stm32f4xx_hal_gpio.o
      2242         52          0          0          0      12886   stm32f4xx_hal_i2c.o
        48          6          0          0          0        870   stm32f4xx_hal_msp.o
      1412         86          0          0          0       5961   stm32f4xx_hal_rcc.o
       858        102          0          0          0       7718   stm32f4xx_hal_tim.o
       148         28          0          0          0       2513   stm32f4xx_hal_tim_ex.o
       152         20          0          0         72       1499   stm32f4xx_hal_timebase_tim.o
      1656         14          0          0          0      11508   stm32f4xx_hal_uart.o
        56         12          0          0          0       4305   stm32f4xx_it.o
        16          4         24          4          0       1147   system_stm32f4xx.o
      2982        194          0         64        200      30617   tasks.o
       132         22          0          0         72       2089   tim.o
       760         82          0         20         40      22914   timers.o
       320         46          0          4        124       3642   usart.o

    ----------------------------------------------------------------------
     18320       1326       3276        176      79504     956613   Object Totals
         0          0         32          0          0          0   (incl. Generated)
        46          0          3          2          0          0   (incl. Padding)

    ----------------------------------------------------------------------

      Code (inc. data)   RO Data    RW Data    ZI Data      Debug   Library Member Name

         0          0          0          0          0          0   entry.o
         0          0          0          0          0          0   entry10a.o
         0          0          0          0          0          0   entry11a.o
         4          0          0          0          0          0   entry12b.o
         8          4          0          0          0          0   entry2.o
         4          0          0          0          0          0   entry5.o
         0          0          0          0          0          0   entry7b.o
         0          0          0          0          0          0   entry8b.o
         8          4          0          0          0          0   entry9a.o
        30          0          0          0          0          0   handlers.o
        36          8          0          0          0         68   init.o
         0          0          0          0          0          0   iusefp.o
        30          0          0          0          0         68   llshl.o
        36          0          0          0          0         68   llsshr.o
        32          0          0          0          0         68   llushr.o
        36          0          0          0          0         68   memcpya.o
        36          0          0          0          0        108   memseta.o
      2218         90          0          0          0        464   printfa.o
         0          0          0          4          0          0   stdout.o
        28          0          0          0          0         76   strcmp.o
        68          6          0          4          0         80   strtok.o
        44          0          0          0          0         80   uidiv.o
        98          0          0          0          0         92   uldiv.o
        48          0          0          0          0         68   cdrcmple.o
       334          0          0          0          0        148   dadd.o
       222          0          0          0          0        100   ddiv.o
       186          0          0          0          0        176   depilogue.o
        50          0          0          0          0         76   dfixui.o
        48          0          0          0          0         68   dfixul.o
        26          0          0          0          0         76   dfltui.o
       228          0          0          0          0         96   dmul.o

    ----------------------------------------------------------------------
      3864        112          0          8          0       2048   Library Totals
         6          0          0          0          0          0   (incl. Padding)

    ----------------------------------------------------------------------

      Code (inc. data)   RO Data    RW Data    ZI Data      Debug   Library Name

      2716        112          0          8          0       1240   mc_w.l
      1142          0          0          0          0        808   mf_w.l

    ----------------------------------------------------------------------
      3864        112          0          8          0       2048   Library Totals

    ----------------------------------------------------------------------

==============================================================================


      Code (inc. data)   RO Data    RW Data    ZI Data      Debug   

     22184       1438       3276        184      79504     940273   Grand Totals
     22184       1438       3276        184      79504     940273   ELF Image Totals
     22184       1438       3276        184          0          0   ROM Totals

==============================================================================

    Total RO  Size (Code + RO Data)                25460 (  24.86kB)
    Total RW  Size (RW Data + ZI Data)             79688 (  77.82kB)
    Total ROM Size (Code + RO Data + RW Data)      25644 (  25.04kB)

==============================================================================

